         run       event       nTopo   nIdTracks  nTauTracks       nTaus      nMuons       nElec   nTrueElec   nFakeElec       nPhot   nTruePhot   nFakePhot
      330470  1183722158           1           0           0           0           0           0           0           0           0           0           0
      330470  1183722342         468         428          34           3           0           2           0           2          13           0          13
      330470  1183727953         627         591         102           8           2           9           0           9          25           0          25
      330470  1183732647         554         506          98           7           0           9           0           9          19           0          19
      330470  1183733040         446         290          33           4           1           5           0           5          14           0          14
      330470  1183734651         416         371          51           5           2           4           0           4          16           0          16
      330470  1183735332         479         386          65           9           0           5           0           5          10           0          10
      330470  1183736475         881         714          94           7           0           3           0           3          24           0          24
      330470  1183738728           1           0           0           0           0           0           0           0           0           0           0
      330470  1183738949         426         451          73           7           0           5           0           5          12           0          12
      330470  1183742489         192         128           2           1           0           1           0           1           1           0           1
      330470  1183743040         337         327          22           4           0           3           0           3           7           0           7
      330470  1183746343         590         495          59           6           0           2           0           2          19           0          19
      330470  1183746710           8           0           0           0           0           0           0           0           0           0           0
      330470  1183751782         290         248           8           2           0           0           0           0           4           0           4
      330470  1183752624         431         367          54           5           1           5           0           5          15           0          15
      330470  1183753006         410         398          43           6           0           5           0           5          12           0          12
      330470  1183754806         548         427          61           8           0           3           0           3          19           0          19
      330470  1183769295         412         337          23           3           2           0           0           0           6           0           6
      330470  1183769939         415         362          39           4           0           7           0           7          13           0          13
      330470  1183773832         352         210          18           3           0           2           0           2          13           0          13
      330470  1183775209          65           0           0           0           0           0           0           0           0           0           0
      330470  1183787124         517         385          31           4           1           3           0           3          16           0          16
      330470  1183787946         382         326          35           4           0           2           0           2           9           0           9
      330470  1183795329         547         358          43           8           0           4           0           4          16           0          16
