         run       event       nTopo   nIdTracks  nTauTracks       nTaus      nMuons       nElec   nTrueElec   nFakeElec       nPhot   nTruePhot   nFakePhot
      242000     3120001         214           6           2           1           1           0           0           0           0           0           0
      242000     3120002         202          11           0           0           1           0           0           0           0           0           0
      242000     3120003         399          36           3           1           2           1           0           1           2           1           1
      242000     3120004         173          12           0           0           0           0           0           0           0           0           0
      242000     3120005         398          37           4           1           2           1           0           1           2           0           2
