         run       event       nTopo   nIdTracks  nTauTracks       nTaus      nMuons       nElec   nTrueElec   nFakeElec       nPhot   nTruePhot   nFakePhot
      242000     3120001         230           9           3           1           1           0           0           0           0           0           0
      242000     3120002         183           7           0           0           1           0           0           0           0           0           0
      242000     3120003         375          40           3           1           2           1           0           1           1           0           1
      242000     3120004         174          11           0           0           0           0           0           0           0           0           0
      242000     3120005         413          35           8           2           3           2           0           2           4           1           3
