         run       event       nTopo   nIdTracks  nTauTracks       nTaus      nMuons       nElec   nTrueElec   nFakeElec       nPhot   nTruePhot   nFakePhot
      242000       60001         605          73           2           1           2           1           0           1           3           2           1
      242000       60002         421          43          17           3           2           6           2           4           8           4           4
      242000       60003         134           4           0           0           0           0           0           0           0           0           0
      242000       60004         300          24           7           1           2           2           0           2           4           1           3
      242000       60005         384          22           0           0           0           0           0           0           1           1           0
