         run       event       nTopo   nIdTracks  nTauTracks       nTaus      nMuons       nElec   nTrueElec   nFakeElec       nPhot   nTruePhot   nFakePhot
      431493  1096110158         315         445          75           5           1          15           0          15          13           0          13
      431493  1096111916         301         319          49           6           1          10           0          10          15           0          15
      431493  1096112143         278         389          37           3           1           1           0           1           2           0           2
      431493  1096113011         375         400          75           9           0           9           0           9          12           0          12
      431493  1096113187         286         317          64           7           1           8           0           8          14           0          14
      431493  1096113771         301         401          72           6           0          10           0          10          12           0          12
      431493  1096114154         365         566          81           6           1           7           0           7          17           0          17
      431493  1096114168         138         153          25           5           0           2           0           2           6           0           6
      431493  1096115980         399         521         149          13           0          21           0          21          22           0          22
      431493  1096116200         317         407          35           4           1           4           0           4          12           0          12
      431493  1096118782         298         354          87           6           1          11           0          11          23           0          23
      431493  1096119418         318         340          83           5           0           5           0           5           9           0           9
      431493  1096119460         238         312           4           1           0           2           0           2           6           0           6
      431493  1096120001         392         576         118           8           0          14           0          14          19           0          19
      431493  1096122174         306         412          71           8           0           5           0           5          24           0          24
      431493  1096123090         433         539         144          10           0          20           0          20          29           0          29
      431493  1096123254         488         681         131           9           1          14           0          14          27           0          27
      431493  1096123504         273         339          48           4           0           8           0           8          11           0          11
      431493  1096125003         357         450          84           7           0          10           0          10          17           0          17
      431493  1096125237         366         492          74           6           0           8           0           8          15           0          15
      431493  1096125348         308         346          64           6           1           8           0           8          10           0          10
      431493  1096125522         264         303          56           8           1           7           0           7          17           0          17
      431493  1096127413         405         576          95           6           1           9           0           9          23           0          23
      431493  1096127722         222         418          54           7           1           7           0           7           7           0           7
      431493  1096128475         171         251          31           5           0           1           0           1          11           0          11
      431493  1096128958         310         361          88           8           0          14           0          14          23           0          23
      431493  1096129516         311         433          15           2           1           2           0           2          12           0          12
      431493  1096130319         331         517          72           5           0          11           0          11          15           0          15
      431493  1096130794         349         449         105           7           1          15           0          15          20           0          20
      431493  1096131620         409         575         122           9           1          14           0          14          27           0          27
      431493  1096131904         334         439          78           8           0          12           0          12           9           0           9
      431493  1096132044         285         303          19           3           1           2           0           2           9           0           9
      431493  1096132412         341         387          85           9           2           5           0           5          12           0          12
      431493  1096132653         351         371          65           9           0           7           0           7          15           0          15
      431493  1096133511           1           0           0           0           0           0           0           0           0           0           0
      431493  1096133828         290         376          81           6           3          14           0          14          11           0          11
      431493  1096134918         637         930         294          14           1          19           0          19          35           0          35
      431493  1096137274         263         281          30           4           1           5           0           5           8           0           8
      431493  1096137322         426         584         113           8           1           4           0           4           9           0           9
      431493  1096137395         367         431          51           5           1           5           0           5          11           0          11
      431493  1096137906         167         179          20           4           2           5           0           5           7           0           7
      431493  1096139648         234         203          28           5           3           2           0           2           7           0           7
      431493  1096139847         253         367          27           4           2           1           0           1           7           0           7
      431493  1096142414         371         507         125           9           2           7           0           7          23           0          23
      431493  1096143027         413         500          66           8           1           3           0           3          11           0          11
      431493  1096144036         273         343          65           5           0          12           0          12          14           0          14
      431493  1096145110         249         258          18           2           0           4           0           4           8           0           8
      431493  1096146639         287         417          62           5           0           3           0           3          18           0          18
      431493  1096146735         325         376          97          10           2          20           0          20          26           0          26
      431493  1096147568         399         601          45           4           2           4           0           4          14           0          14
      431493  1096150983         281         318          44           7           0           2           0           2          14           0          14
      431493  1096152978         372         501          85           8           2           9           0           9          12           0          12
      431493  1096153967         550         658          68           7           2           7           0           7          33           0          33
      431493  1096155046         246         372          29           4           1           1           0           1           3           0           3
      431493  1096155387         337         483          67           7           1           7           0           7          15           0          15
      431493  1096155429         382         453          97           9           1           7           0           7          18           0          18
      431493  1096155463         363         460          70           6           0           4           0           4          14           0          14
      431493  1096156230         356         451          86           6           0          10           0          10          15           0          15
      431493  1096157777         255         357          52           5           1           2           0           2          10           0          10
      431493  1096159760         378         459          47           4           0           7           0           7          15           0          15
      431493  1096159903         238         277          59           8           0           9           0           9          14           0          14
      431493  1096160558         256         365          47           4           0           2           0           2          11           0          11
      431493  1096161183         249         316          60           5           0          12           0          12           9           0           9
      431493  1096162191         356         390          15           2           2           1           0           1           8           0           8
      431493  1096163035         354         446         116           9           0          15           0          15          25           0          25
      431493  1096163900         336         461          62           6           0          12           0          12          19           0          19
      431493  1096164842         312         435          53           6           1           3           0           3           9           0           9
      431493  1096167556         341         426          75           7           0           9           0           9          13           0          13
      431493  1096168429         311         412          95           8           0           6           0           6           9           0           9
      431493  1096171532         354         415          87           9           0          13           0          13          14           0          14
      431493  1096171788         314         441          58           4           0           7           0           7          12           0          12
      431493  1096171838         423         603         129           9           0          10           0          10          24           0          24
      431493  1096173554         322         423          52           6           1           4           0           4           9           0           9
      431493  1096173910         365         569          74           6           0          11           0          11          12           0          12
      431493  1096176781         374         441          95          11           1          11           0          11          24           0          24
      431493  1096177006         315         384          39           4           0           7           0           7          11           0          11
      431493  1096177862         261         284          13           2           0           2           0           2          13           0          13
      431493  1096177918         381         497          75           5           1           7           0           7          13           0          13
      431493  1096178101         370         437          27           3           0           1           0           1          11           0          11
      431493  1096178859         355         362          43           6           1           7           0           7          14           0          14
      431493  1096180059         387         437          34           4           1           2           0           2          22           0          22
      431493  1096181059         230         262          34           4           1           6           0           6          10           0          10
      431493  1096181128         370         556          91           9           3           6           0           6          14           0          14
      431493  1096182354         315         314          51           4           1          13           0          13          17           0          17
      431493  1096182555         247         356          57           7           0           6           0           6          10           0          10
      431493  1096183473         223         254          49           5           0          13           0          13           9           0           9
      431493  1096184610         387         420          89           6           1          17           0          17          10           0          10
      431493  1096185473         346         478          62           5           0           9           0           9          14           0          14
      431493  1096188650         207         289          35           3           0           5           0           5          12           0          12
      431493  1096190892         296         396          77           6           1           6           0           6          11           0          11
      431493  1096191815         275         350          47           5           1           6           0           6          16           0          16
      431493  1096194353         316         450          65           6           1           9           0           9          11           0          11
      431493  1096199978         282         444          91           8           0           9           0           9          12           0          12
      431493  1096205163         244         317          39           3           0           4           0           4          13           0          13
      431493  1096207298         400         462          48           4           0           2           0           2          16           0          16
      431493  1096209204         412         546          76           9           0           9           0           9          20           0          20
      431493  1096211915         345         371          70           8           0           7           0           7          18           0          18
      431493  1096218966         309         392          16           2           1           4           0           4          11           0          11
      431493  1096226529         330         398         101          10           0          11           0          11          14           0          14
      431493  1096229568         186         244          57           8           1           5           0           5          16           0          16
