test1
initialize_from_dictionary
AtlasDetectorIDHelper::initialize_from_dictionary - Warning: unable to find mm region index: group, region size 0 0
AtlasDetectorIDHelper::initialize_from_dictionary - Warning: unable to find stgc region index: group, region size 0 0
AtlasDetectorID::initLevelsFromDict - there are no sTGC entries in the dictionary! 
AtlasDetectorID::initLevelsFromDict - there are no MM entries in the dictionary! 
AtlasDetectorID      DEBUG Could not get value for label 'no_side' of field 'DetZside' in dictionary Calorimeter
 AtlasDetectorID::initialize_from_dictionary - OK 
decode index and bit fields for each level: 
lar     decode 1 vals 2,4,5,7,10,11,12,13 mask/zero mask/shift/bits/offset 7   1fffffffffffffff 61 3  0  indexes 0 0 1 2 0 3 0 0 4 5 6 7 mode  enumerated  
online  decode 1 vals -3,-2,-1,1,2,3,4,5 mask/zero mask/shift/bits/offset 7   e3ffffffffffffff 58 3  3  indexes 0 1 2 0 3 4 5 6 7   mode  enumerated  
bec     decode 0 vals 0:1             mask/zero mask/shift/bits/offset 1   fdffffffffffffff 57 1  6  indexes                     mode  both_bounded  
side    decode 0 vals 0:1             mask/zero mask/shift/bits/offset 1   feffffffffffffff 56 1  7  indexes                     mode  both_bounded  
ft      decode 0 vals 0:31            mask/zero mask/shift/bits/offset 1f  ff07ffffffffffff 51 5  8  indexes                     mode  both_bounded  
solt    decode 1 vals 1:16            mask/zero mask/shift/bits/offset f   fff87fffffffffff 47 4  13 indexes                     mode  both_bounded  
channel decode 0 vals 0:127           mask/zero mask/shift/bits/offset 7f  ffff80ffffffffff 40 7  17 indexes                     mode  both_bounded  
 initialize_from_dictionary :
 feedthrough range -> 4/4/0/0,1/0:31 | 4/4/1/0,1/0,1,4,5,7,8,11,12,13,14,17,18,19,20,23,24 | 4/4/1/0,1/2,9,15,21 | 4/4/1/0,1/3,10,16,22 | 4/4/1/0,1/6
 feedthrough slot range -> 4/4/0/0,1/0:31/1:14 | 4/4/1/0,1/0,1,4,5,7,8,11,12,13,14,17,18,19,20,23,24/1:13 | 4/4/1/0,1/2,9,15,21/1:15 | 4/4/1/0,1/3,10,16,22/1,2,5,6,7,8,9,10 | 4/4/1/0,1/6/1:7 | 4/4/1/0,1/6/9:15
 channel range -> 4/4/0/0,1/0:31/1:14/0:127/0 | 4/4/1/0,1/0,1,4,5,7,8,11,12,13,14,17,18,19,20,23,24/1:13/0:127/0 | 4/4/1/0,1/2,9,15,21/1:15/0:127/0 | 4/4/1/0,1/3,10,16,22/1,2,5,6,7,8,9,10/0:127/0 | 4/4/1/0,1/6/1:7/0:127/0 | 4/4/1/0,1/6/9:15/0:127/0
LArOnlineID: [initialize_from_dictionary] version= fullAtlas
initialize_from_dictionary
AtlasDetectorIDHelper::initialize_from_dictionary - Warning: unable to find mm region index: group, region size 0 0
AtlasDetectorIDHelper::initialize_from_dictionary - Warning: unable to find stgc region index: group, region size 0 0
AtlasDetectorID::initLevelsFromDict - there are no sTGC entries in the dictionary! 
AtlasDetectorID::initLevelsFromDict - there are no MM entries in the dictionary! 
AtlasDetectorID      DEBUG Could not get value for label 'no_side' of field 'DetZside' in dictionary Calorimeter
 AtlasDetectorID::initialize_from_dictionary - OK 
decode index and bit fields for each level: 
lar     decode 1 vals 2,4,5,7,10,11,12,13 mask/zero mask/shift/bits/offset 7   1fffffffffffffff 61 3  0  indexes 0 0 1 2 0 3 0 0 4 5 6 7 mode  enumerated  
online  decode 1 vals -3,-2,-1,1,2,3,4,5 mask/zero mask/shift/bits/offset 7   e3ffffffffffffff 58 3  3  indexes 0 1 2 0 3 4 5 6 7   mode  enumerated  
bec     decode 0 vals 0:1             mask/zero mask/shift/bits/offset 1   fdffffffffffffff 57 1  6  indexes                     mode  both_bounded  
side    decode 0 vals 0:1             mask/zero mask/shift/bits/offset 1   feffffffffffffff 56 1  7  indexes                     mode  both_bounded  
ft      decode 0 vals 0:31            mask/zero mask/shift/bits/offset 1f  ff07ffffffffffff 51 5  8  indexes                     mode  both_bounded  
solt    decode 1 vals 1:2             mask/zero mask/shift/bits/offset 1   fffbffffffffffff 50 1  13 indexes                     mode  both_bounded  
channel decode 0 vals 0:311           mask/zero mask/shift/bits/offset 1ff fffc01ffffffffff 41 9  14 indexes                     mode  both_bounded  
slar    decode 1 vals 1               mask/zero mask/shift/bits/offset 1   fffffeffffffffff 40 1  23 indexes                     mode  both_bounded  
Finished initLevelsFromDict
 initialize_from_dictionary :
 feedthrough range -> 4/4/0/0,1/0:31 | 4/4/1/0,1/0,1,4,5,7,8,11,12,13,14,17,18,19,20,23,24 | 4/4/1/0,1/2,9,15,21 | 4/4/1/0,1/3,10,16,22 | 4/4/1/0,1/6
 feedthrough slot range -> 4/4/0/0,1/0:31/1 | 4/4/1/0,1/0,1,4,5,7,8,11,12,13,14,17,18,19,20,23,24/1 | 4/4/1/0,1/2,9,15,21/1 | 4/4/1/0,1/2,9,15,21/2 | 4/4/1/0,1/3,10,16,22/1 | 4/4/1/0,1/6/1:2
 channel range -> 4/4/0/0,1/0:31/1/0:289/1 | 4/4/1/0,1/0,1,4,5,7,8,11,12,13,14,17,18,19,20,23,24/1/0:311/1 | 4/4/1/0,1/2,9,15,21/1/0:239/1 | 4/4/1/0,1/2,9,15,21/2/0:159/1 | 4/4/1/0,1/3,10,16,22/1/0:191/1 | 4/4/1/0,1/6/1:2/0:191/1
LArOnline_SuperCellID: [initialize_from_dictionary] version= fullAtlas


Initializing Gaudi ApplicationMgr using job opts ./LArDigitContainerCnv_p3_test_generated.txt
JobOptionsSvc        INFO Job options successfully read in from ./LArDigitContainerCnv_p3_test_generated.txt
ApplicationMgr    SUCCESS 
====================================================================================================================================
                                                   Welcome to ApplicationMgr (GaudiCoreSvc v36r5)
                                          running on aibuild64-001.cern.ch on Thu Sep  8 15:48:31 2022
====================================================================================================================================
ApplicationMgr       INFO Successfully loaded modules : StoreGate
ApplicationMgr       INFO Application Manager Configured successfully
ClassIDSvc           INFO getRegistryEntries: read 3528 CLIDRegistry entries for module ALL
StoreGateSvc        DEBUG Property update for OutputLevel : new value = 2
StoreGateSvc        DEBUG Service base class initialized successfully
StoreGateSvc        DEBUG trying to create store SGImplSvc/StoreGateSvc_Impl
StoreGateSvc_Impl   DEBUG Property update for OutputLevel : new value = 2
StoreGateSvc_Impl   DEBUG Service base class initialized successfully
EventLoopMgr      WARNING Unable to locate service "EventSelector" 
EventLoopMgr      WARNING No events will be processed from external input.
ApplicationMgr       INFO Application Manager Initialized successfully
ApplicationMgr Ready
StoreGateSvc        DEBUG Recorded object @0x7fff5e8b8190 with key myLArDigitContainer of type LArDigitContainer(CLID 2711)
 in DataObject @0x101ade0
 object modifiable when retrieved
StoreGateSvc        DEBUG Recorded object @0x7fff5e8b82a0 with key myLArDigitContainerSC of type LArDigitContainer(CLID 2711)
 in DataObject @0x101b020
 object modifiable when retrieved
