ToolSvc.Muon__MdtRdoToPrepDataTool                VERBOSE adding dead tube MDT BMG eta -1 phi  6 ml 1 lay 1 tube 25
ToolSvc.Muon__MdtRdoToPrepDataTool                VERBOSE adding dead tube MDT BMG eta -1 phi  6 ml 1 lay 1 tube 26
ToolSvc.Muon__MdtRdoToPrepDataTool                VERBOSE adding dead tube MDT BMG eta -1 phi  6 ml 1 lay 1 tube 27
ToolSvc.Muon__MdtRdoToPrepDataTool                VERBOSE adding dead tube MDT BMG eta -1 phi  6 ml 1 lay 1 tube 28
ToolSvc.Muon__MdtRdoToPrepDataTool                VERBOSE adding dead tube MDT BMG eta -1 phi  6 ml 1 lay 1 tube 29
ToolSvc.Muon__MdtRdoToPrepDataTool                VERBOSE adding dead tube MDT BMG eta -1 phi  6 ml 1 lay 1 tube 30
ToolSvc.Muon__MdtRdoToPrepDataTool                VERBOSE adding dead tube MDT BMG eta -1 phi  6 ml 1 lay 2 tube 24
ToolSvc.Muon__MdtRdoToPrepDataTool                VERBOSE adding dead tube MDT BMG eta -1 phi  6 ml 1 lay 2 tube 25
ToolSvc.Muon__MdtRdoToPrepDataTool                VERBOSE adding dead tube MDT BMG eta -1 phi  6 ml 1 lay 2 tube 26
ToolSvc.Muon__MdtRdoToPrepDataTool                VERBOSE adding dead tube MDT BMG eta -1 phi  6 ml 1 lay 2 tube 27
ToolSvc.Muon__MdtRdoToPrepDataTool                VERBOSE adding dead tube MDT BMG eta -1 phi  6 ml 1 lay 2 tube 28
ToolSvc.Muon__MdtRdoToPrepDataTool                VERBOSE adding dead tube MDT BMG eta -1 phi  6 ml 1 lay 2 tube 29
ToolSvc.Muon__MdtRdoToPrepDataTool                VERBOSE adding dead tube MDT BMG eta -1 phi  6 ml 1 lay 2 tube 30
ToolSvc.Muon__MdtRdoToPrepDataTool                VERBOSE adding dead tube MDT BMG eta -1 phi  6 ml 1 lay 3 tube 25
ToolSvc.Muon__MdtRdoToPrepDataTool                VERBOSE adding dead tube MDT BMG eta -1 phi  6 ml 1 lay 3 tube 26
ToolSvc.Muon__MdtRdoToPrepDataTool                VERBOSE adding dead tube MDT BMG eta -1 phi  6 ml 1 lay 3 tube 27
ToolSvc.Muon__MdtRdoToPrepDataTool                VERBOSE adding dead tube MDT BMG eta -1 phi  6 ml 1 lay 3 tube 28
ToolSvc.Muon__MdtRdoToPrepDataTool                VERBOSE adding dead tube MDT BMG eta -1 phi  6 ml 1 lay 3 tube 29
ToolSvc.Muon__MdtRdoToPrepDataTool                VERBOSE adding dead tube MDT BMG eta -1 phi  6 ml 1 lay 3 tube 30
ToolSvc.Muon__MdtRdoToPrepDataTool                VERBOSE adding dead tube MDT BMG eta -1 phi  6 ml 1 lay 3 tube 31
ToolSvc.Muon__MdtRdoToPrepDataTool                VERBOSE adding dead tube MDT BMG eta -1 phi  6 ml 1 lay 4 tube 25
ToolSvc.Muon__MdtRdoToPrepDataTool                VERBOSE adding dead tube MDT BMG eta -1 phi  6 ml 1 lay 4 tube 26
ToolSvc.Muon__MdtRdoToPrepDataTool                VERBOSE adding dead tube MDT BMG eta -1 phi  6 ml 1 lay 4 tube 27
ToolSvc.Muon__MdtRdoToPrepDataTool                VERBOSE adding dead tube MDT BMG eta -1 phi  6 ml 1 lay 4 tube 28
ToolSvc.Muon__MdtRdoToPrepDataTool                VERBOSE adding dead tube MDT BMG eta -1 phi  6 ml 1 lay 4 tube 29
ToolSvc.Muon__MdtRdoToPrepDataTool                VERBOSE adding dead tube MDT BMG eta -1 phi  6 ml 1 lay 4 tube 30
ToolSvc.Muon__MdtRdoToPrepDataTool                VERBOSE adding dead tube MDT BMG eta -1 phi  6 ml 1 lay 4 tube 31
ToolSvc.Muon__MdtRdoToPrepDataTool                VERBOSE adding dead tube MDT BMG eta -1 phi  6 ml 2 lay 1 tube 31
ToolSvc.Muon__MdtRdoToPrepDataTool                VERBOSE adding dead tube MDT BMG eta -1 phi  6 ml 2 lay 1 tube 32
ToolSvc.Muon__MdtRdoToPrepDataTool                VERBOSE adding dead tube MDT BMG eta -1 phi  6 ml 2 lay 1 tube 33
ToolSvc.Muon__MdtRdoToPrepDataTool                VERBOSE adding dead tube MDT BMG eta -1 phi  6 ml 2 lay 1 tube 34
ToolSvc.Muon__MdtRdoToPrepDataTool                VERBOSE adding dead tube MDT BMG eta -1 phi  6 ml 2 lay 1 tube 35
ToolSvc.Muon__MdtRdoToPrepDataTool                VERBOSE adding dead tube MDT BMG eta -1 phi  6 ml 2 lay 1 tube 36
ToolSvc.Muon__MdtRdoToPrepDataTool                VERBOSE adding dead tube MDT BMG eta -1 phi  6 ml 2 lay 1 tube 37
ToolSvc.Muon__MdtRdoToPrepDataTool                VERBOSE adding dead tube MDT BMG eta -1 phi  6 ml 2 lay 2 tube 30
ToolSvc.Muon__MdtRdoToPrepDataTool                VERBOSE adding dead tube MDT BMG eta -1 phi  6 ml 2 lay 2 tube 31
ToolSvc.Muon__MdtRdoToPrepDataTool                VERBOSE adding dead tube MDT BMG eta -1 phi  6 ml 2 lay 2 tube 32
ToolSvc.Muon__MdtRdoToPrepDataTool                VERBOSE adding dead tube MDT BMG eta -1 phi  6 ml 2 lay 2 tube 33
ToolSvc.Muon__MdtRdoToPrepDataTool                VERBOSE adding dead tube MDT BMG eta -1 phi  6 ml 2 lay 2 tube 34
ToolSvc.Muon__MdtRdoToPrepDataTool                VERBOSE adding dead tube MDT BMG eta -1 phi  6 ml 2 lay 2 tube 35
ToolSvc.Muon__MdtRdoToPrepDataTool                VERBOSE adding dead tube MDT BMG eta -1 phi  6 ml 2 lay 2 tube 36
ToolSvc.Muon__MdtRdoToPrepDataTool                VERBOSE adding dead tube MDT BMG eta -1 phi  6 ml 2 lay 2 tube 37
ToolSvc.Muon__MdtRdoToPrepDataTool                VERBOSE adding dead tube MDT BMG eta -1 phi  6 ml 2 lay 3 tube 32
ToolSvc.Muon__MdtRdoToPrepDataTool                VERBOSE adding dead tube MDT BMG eta -1 phi  6 ml 2 lay 3 tube 33
ToolSvc.Muon__MdtRdoToPrepDataTool                VERBOSE adding dead tube MDT BMG eta -1 phi  6 ml 2 lay 3 tube 34
ToolSvc.Muon__MdtRdoToPrepDataTool                VERBOSE adding dead tube MDT BMG eta -1 phi  6 ml 2 lay 3 tube 35
ToolSvc.Muon__MdtRdoToPrepDataTool                VERBOSE adding dead tube MDT BMG eta -1 phi  6 ml 2 lay 3 tube 36
ToolSvc.Muon__MdtRdoToPrepDataTool                VERBOSE adding dead tube MDT BMG eta -1 phi  6 ml 2 lay 3 tube 37
ToolSvc.Muon__MdtRdoToPrepDataTool                VERBOSE adding dead tube MDT BMG eta -1 phi  6 ml 2 lay 3 tube 38
ToolSvc.Muon__MdtRdoToPrepDataTool                VERBOSE adding dead tube MDT BMG eta -1 phi  6 ml 2 lay 4 tube 32
ToolSvc.Muon__MdtRdoToPrepDataTool                VERBOSE adding dead tube MDT BMG eta -1 phi  6 ml 2 lay 4 tube 33
ToolSvc.Muon__MdtRdoToPrepDataTool                VERBOSE adding dead tube MDT BMG eta -1 phi  6 ml 2 lay 4 tube 34
ToolSvc.Muon__MdtRdoToPrepDataTool                VERBOSE adding dead tube MDT BMG eta -1 phi  6 ml 2 lay 4 tube 35
ToolSvc.Muon__MdtRdoToPrepDataTool                VERBOSE adding dead tube MDT BMG eta -1 phi  6 ml 2 lay 4 tube 36
ToolSvc.Muon__MdtRdoToPrepDataTool                VERBOSE adding dead tube MDT BMG eta -1 phi  6 ml 2 lay 4 tube 37
ToolSvc.Muon__MdtRdoToPrepDataTool                VERBOSE adding dead tube MDT BMG eta  1 phi  6 ml 1 lay 1 tube 24
ToolSvc.Muon__MdtRdoToPrepDataTool                VERBOSE adding dead tube MDT BMG eta  1 phi  6 ml 1 lay 1 tube 25
ToolSvc.Muon__MdtRdoToPrepDataTool                VERBOSE adding dead tube MDT BMG eta  1 phi  6 ml 1 lay 1 tube 26
ToolSvc.Muon__MdtRdoToPrepDataTool                VERBOSE adding dead tube MDT BMG eta  1 phi  6 ml 1 lay 1 tube 27
ToolSvc.Muon__MdtRdoToPrepDataTool                VERBOSE adding dead tube MDT BMG eta  1 phi  6 ml 1 lay 1 tube 28
ToolSvc.Muon__MdtRdoToPrepDataTool                VERBOSE adding dead tube MDT BMG eta  1 phi  6 ml 1 lay 1 tube 29
ToolSvc.Muon__MdtRdoToPrepDataTool                VERBOSE adding dead tube MDT BMG eta  1 phi  6 ml 1 lay 1 tube 30
ToolSvc.Muon__MdtRdoToPrepDataTool                VERBOSE adding dead tube MDT BMG eta  1 phi  6 ml 1 lay 2 tube 25
ToolSvc.Muon__MdtRdoToPrepDataTool                VERBOSE adding dead tube MDT BMG eta  1 phi  6 ml 1 lay 2 tube 26
ToolSvc.Muon__MdtRdoToPrepDataTool                VERBOSE adding dead tube MDT BMG eta  1 phi  6 ml 1 lay 2 tube 27
ToolSvc.Muon__MdtRdoToPrepDataTool                VERBOSE adding dead tube MDT BMG eta  1 phi  6 ml 1 lay 2 tube 28
ToolSvc.Muon__MdtRdoToPrepDataTool                VERBOSE adding dead tube MDT BMG eta  1 phi  6 ml 1 lay 2 tube 29
ToolSvc.Muon__MdtRdoToPrepDataTool                VERBOSE adding dead tube MDT BMG eta  1 phi  6 ml 1 lay 2 tube 30
ToolSvc.Muon__MdtRdoToPrepDataTool                VERBOSE adding dead tube MDT BMG eta  1 phi  6 ml 1 lay 2 tube 31
ToolSvc.Muon__MdtRdoToPrepDataTool                VERBOSE adding dead tube MDT BMG eta  1 phi  6 ml 1 lay 3 tube 25
ToolSvc.Muon__MdtRdoToPrepDataTool                VERBOSE adding dead tube MDT BMG eta  1 phi  6 ml 1 lay 3 tube 26
ToolSvc.Muon__MdtRdoToPrepDataTool                VERBOSE adding dead tube MDT BMG eta  1 phi  6 ml 1 lay 3 tube 27
ToolSvc.Muon__MdtRdoToPrepDataTool                VERBOSE adding dead tube MDT BMG eta  1 phi  6 ml 1 lay 3 tube 28
ToolSvc.Muon__MdtRdoToPrepDataTool                VERBOSE adding dead tube MDT BMG eta  1 phi  6 ml 1 lay 3 tube 29
ToolSvc.Muon__MdtRdoToPrepDataTool                VERBOSE adding dead tube MDT BMG eta  1 phi  6 ml 1 lay 3 tube 30
ToolSvc.Muon__MdtRdoToPrepDataTool                VERBOSE adding dead tube MDT BMG eta  1 phi  6 ml 1 lay 3 tube 31
ToolSvc.Muon__MdtRdoToPrepDataTool                VERBOSE adding dead tube MDT BMG eta  1 phi  6 ml 1 lay 4 tube 26
ToolSvc.Muon__MdtRdoToPrepDataTool                VERBOSE adding dead tube MDT BMG eta  1 phi  6 ml 1 lay 4 tube 27
ToolSvc.Muon__MdtRdoToPrepDataTool                VERBOSE adding dead tube MDT BMG eta  1 phi  6 ml 1 lay 4 tube 28
ToolSvc.Muon__MdtRdoToPrepDataTool                VERBOSE adding dead tube MDT BMG eta  1 phi  6 ml 1 lay 4 tube 29
ToolSvc.Muon__MdtRdoToPrepDataTool                VERBOSE adding dead tube MDT BMG eta  1 phi  6 ml 1 lay 4 tube 30
ToolSvc.Muon__MdtRdoToPrepDataTool                VERBOSE adding dead tube MDT BMG eta  1 phi  6 ml 1 lay 4 tube 31
ToolSvc.Muon__MdtRdoToPrepDataTool                VERBOSE adding dead tube MDT BMG eta  1 phi  6 ml 1 lay 4 tube 32
ToolSvc.Muon__MdtRdoToPrepDataTool                VERBOSE adding dead tube MDT BMG eta  1 phi  6 ml 2 lay 1 tube 30
ToolSvc.Muon__MdtRdoToPrepDataTool                VERBOSE adding dead tube MDT BMG eta  1 phi  6 ml 2 lay 1 tube 31
ToolSvc.Muon__MdtRdoToPrepDataTool                VERBOSE adding dead tube MDT BMG eta  1 phi  6 ml 2 lay 1 tube 32
ToolSvc.Muon__MdtRdoToPrepDataTool                VERBOSE adding dead tube MDT BMG eta  1 phi  6 ml 2 lay 1 tube 33
ToolSvc.Muon__MdtRdoToPrepDataTool                VERBOSE adding dead tube MDT BMG eta  1 phi  6 ml 2 lay 1 tube 34
ToolSvc.Muon__MdtRdoToPrepDataTool                VERBOSE adding dead tube MDT BMG eta  1 phi  6 ml 2 lay 1 tube 35
ToolSvc.Muon__MdtRdoToPrepDataTool                VERBOSE adding dead tube MDT BMG eta  1 phi  6 ml 2 lay 1 tube 36
ToolSvc.Muon__MdtRdoToPrepDataTool                VERBOSE adding dead tube MDT BMG eta  1 phi  6 ml 2 lay 2 tube 31
ToolSvc.Muon__MdtRdoToPrepDataTool                VERBOSE adding dead tube MDT BMG eta  1 phi  6 ml 2 lay 2 tube 32
ToolSvc.Muon__MdtRdoToPrepDataTool                VERBOSE adding dead tube MDT BMG eta  1 phi  6 ml 2 lay 2 tube 33
ToolSvc.Muon__MdtRdoToPrepDataTool                VERBOSE adding dead tube MDT BMG eta  1 phi  6 ml 2 lay 2 tube 34
ToolSvc.Muon__MdtRdoToPrepDataTool                VERBOSE adding dead tube MDT BMG eta  1 phi  6 ml 2 lay 2 tube 35
ToolSvc.Muon__MdtRdoToPrepDataTool                VERBOSE adding dead tube MDT BMG eta  1 phi  6 ml 2 lay 2 tube 36
ToolSvc.Muon__MdtRdoToPrepDataTool                VERBOSE adding dead tube MDT BMG eta  1 phi  6 ml 2 lay 2 tube 37
ToolSvc.Muon__MdtRdoToPrepDataTool                VERBOSE adding dead tube MDT BMG eta  1 phi  6 ml 2 lay 3 tube 31
ToolSvc.Muon__MdtRdoToPrepDataTool                VERBOSE adding dead tube MDT BMG eta  1 phi  6 ml 2 lay 3 tube 32
ToolSvc.Muon__MdtRdoToPrepDataTool                VERBOSE adding dead tube MDT BMG eta  1 phi  6 ml 2 lay 3 tube 33
ToolSvc.Muon__MdtRdoToPrepDataTool                VERBOSE adding dead tube MDT BMG eta  1 phi  6 ml 2 lay 3 tube 34
ToolSvc.Muon__MdtRdoToPrepDataTool                VERBOSE adding dead tube MDT BMG eta  1 phi  6 ml 2 lay 3 tube 35
ToolSvc.Muon__MdtRdoToPrepDataTool                VERBOSE adding dead tube MDT BMG eta  1 phi  6 ml 2 lay 3 tube 36
ToolSvc.Muon__MdtRdoToPrepDataTool                VERBOSE adding dead tube MDT BMG eta  1 phi  6 ml 2 lay 3 tube 37
ToolSvc.Muon__MdtRdoToPrepDataTool                VERBOSE adding dead tube MDT BMG eta  1 phi  6 ml 2 lay 4 tube 32
ToolSvc.Muon__MdtRdoToPrepDataTool                VERBOSE adding dead tube MDT BMG eta  1 phi  6 ml 2 lay 4 tube 33
ToolSvc.Muon__MdtRdoToPrepDataTool                VERBOSE adding dead tube MDT BMG eta  1 phi  6 ml 2 lay 4 tube 34
ToolSvc.Muon__MdtRdoToPrepDataTool                VERBOSE adding dead tube MDT BMG eta  1 phi  6 ml 2 lay 4 tube 35
ToolSvc.Muon__MdtRdoToPrepDataTool                VERBOSE adding dead tube MDT BMG eta  1 phi  6 ml 2 lay 4 tube 36
ToolSvc.Muon__MdtRdoToPrepDataTool                VERBOSE adding dead tube MDT BMG eta  1 phi  6 ml 2 lay 4 tube 37
ToolSvc.Muon__MdtRdoToPrepDataTool                VERBOSE adding dead tube MDT BMG eta  1 phi  6 ml 2 lay 4 tube 38
ToolSvc.Muon__MdtRdoToPrepDataTool                VERBOSE adding dead tube MDT BMG eta -2 phi  6 ml 1 lay 1 tube 14
ToolSvc.Muon__MdtRdoToPrepDataTool                VERBOSE adding dead tube MDT BMG eta -2 phi  6 ml 1 lay 1 tube 15
ToolSvc.Muon__MdtRdoToPrepDataTool                VERBOSE adding dead tube MDT BMG eta -2 phi  6 ml 1 lay 1 tube 16
ToolSvc.Muon__MdtRdoToPrepDataTool                VERBOSE adding dead tube MDT BMG eta -2 phi  6 ml 1 lay 1 tube 17
ToolSvc.Muon__MdtRdoToPrepDataTool                VERBOSE adding dead tube MDT BMG eta -2 phi  6 ml 1 lay 1 tube 18
ToolSvc.Muon__MdtRdoToPrepDataTool                VERBOSE adding dead tube MDT BMG eta -2 phi  6 ml 1 lay 1 tube 19
ToolSvc.Muon__MdtRdoToPrepDataTool                VERBOSE adding dead tube MDT BMG eta -2 phi  6 ml 1 lay 1 tube 20
ToolSvc.Muon__MdtRdoToPrepDataTool                VERBOSE adding dead tube MDT BMG eta -2 phi  6 ml 1 lay 1 tube 21
ToolSvc.Muon__MdtRdoToPrepDataTool                VERBOSE adding dead tube MDT BMG eta -2 phi  6 ml 1 lay 2 tube 14
ToolSvc.Muon__MdtRdoToPrepDataTool                VERBOSE adding dead tube MDT BMG eta -2 phi  6 ml 1 lay 2 tube 15
ToolSvc.Muon__MdtRdoToPrepDataTool                VERBOSE adding dead tube MDT BMG eta -2 phi  6 ml 1 lay 2 tube 16
ToolSvc.Muon__MdtRdoToPrepDataTool                VERBOSE adding dead tube MDT BMG eta -2 phi  6 ml 1 lay 2 tube 17
ToolSvc.Muon__MdtRdoToPrepDataTool                VERBOSE adding dead tube MDT BMG eta -2 phi  6 ml 1 lay 2 tube 18
ToolSvc.Muon__MdtRdoToPrepDataTool                VERBOSE adding dead tube MDT BMG eta -2 phi  6 ml 1 lay 2 tube 19
ToolSvc.Muon__MdtRdoToPrepDataTool                VERBOSE adding dead tube MDT BMG eta -2 phi  6 ml 1 lay 2 tube 20
ToolSvc.Muon__MdtRdoToPrepDataTool                VERBOSE adding dead tube MDT BMG eta -2 phi  6 ml 1 lay 2 tube 21
ToolSvc.Muon__MdtRdoToPrepDataTool                VERBOSE adding dead tube MDT BMG eta -2 phi  6 ml 1 lay 3 tube 15
ToolSvc.Muon__MdtRdoToPrepDataTool                VERBOSE adding dead tube MDT BMG eta -2 phi  6 ml 1 lay 3 tube 16
ToolSvc.Muon__MdtRdoToPrepDataTool                VERBOSE adding dead tube MDT BMG eta -2 phi  6 ml 1 lay 3 tube 17
ToolSvc.Muon__MdtRdoToPrepDataTool                VERBOSE adding dead tube MDT BMG eta -2 phi  6 ml 1 lay 3 tube 18
ToolSvc.Muon__MdtRdoToPrepDataTool                VERBOSE adding dead tube MDT BMG eta -2 phi  6 ml 1 lay 3 tube 19
ToolSvc.Muon__MdtRdoToPrepDataTool                VERBOSE adding dead tube MDT BMG eta -2 phi  6 ml 1 lay 3 tube 20
ToolSvc.Muon__MdtRdoToPrepDataTool                VERBOSE adding dead tube MDT BMG eta -2 phi  6 ml 1 lay 3 tube 21
ToolSvc.Muon__MdtRdoToPrepDataTool                VERBOSE adding dead tube MDT BMG eta -2 phi  6 ml 1 lay 3 tube 22
ToolSvc.Muon__MdtRdoToPrepDataTool                VERBOSE adding dead tube MDT BMG eta -2 phi  6 ml 1 lay 3 tube 23
ToolSvc.Muon__MdtRdoToPrepDataTool                VERBOSE adding dead tube MDT BMG eta -2 phi  6 ml 1 lay 4 tube 16
ToolSvc.Muon__MdtRdoToPrepDataTool                VERBOSE adding dead tube MDT BMG eta -2 phi  6 ml 1 lay 4 tube 17
ToolSvc.Muon__MdtRdoToPrepDataTool                VERBOSE adding dead tube MDT BMG eta -2 phi  6 ml 1 lay 4 tube 18
ToolSvc.Muon__MdtRdoToPrepDataTool                VERBOSE adding dead tube MDT BMG eta -2 phi  6 ml 1 lay 4 tube 19
ToolSvc.Muon__MdtRdoToPrepDataTool                VERBOSE adding dead tube MDT BMG eta -2 phi  6 ml 1 lay 4 tube 20
ToolSvc.Muon__MdtRdoToPrepDataTool                VERBOSE adding dead tube MDT BMG eta -2 phi  6 ml 1 lay 4 tube 21
ToolSvc.Muon__MdtRdoToPrepDataTool                VERBOSE adding dead tube MDT BMG eta -2 phi  6 ml 1 lay 4 tube 22
ToolSvc.Muon__MdtRdoToPrepDataTool                VERBOSE adding dead tube MDT BMG eta -2 phi  6 ml 1 lay 4 tube 23
ToolSvc.Muon__MdtRdoToPrepDataTool                VERBOSE adding dead tube MDT BMG eta -2 phi  6 ml 2 lay 1 tube 26
ToolSvc.Muon__MdtRdoToPrepDataTool                VERBOSE adding dead tube MDT BMG eta -2 phi  6 ml 2 lay 1 tube 27
ToolSvc.Muon__MdtRdoToPrepDataTool                VERBOSE adding dead tube MDT BMG eta -2 phi  6 ml 2 lay 1 tube 28
ToolSvc.Muon__MdtRdoToPrepDataTool                VERBOSE adding dead tube MDT BMG eta -2 phi  6 ml 2 lay 1 tube 29
ToolSvc.Muon__MdtRdoToPrepDataTool                VERBOSE adding dead tube MDT BMG eta -2 phi  6 ml 2 lay 1 tube 30
ToolSvc.Muon__MdtRdoToPrepDataTool                VERBOSE adding dead tube MDT BMG eta -2 phi  6 ml 2 lay 1 tube 31
ToolSvc.Muon__MdtRdoToPrepDataTool                VERBOSE adding dead tube MDT BMG eta -2 phi  6 ml 2 lay 1 tube 32
ToolSvc.Muon__MdtRdoToPrepDataTool                VERBOSE adding dead tube MDT BMG eta -2 phi  6 ml 2 lay 1 tube 33
ToolSvc.Muon__MdtRdoToPrepDataTool                VERBOSE adding dead tube MDT BMG eta -2 phi  6 ml 2 lay 2 tube 26
ToolSvc.Muon__MdtRdoToPrepDataTool                VERBOSE adding dead tube MDT BMG eta -2 phi  6 ml 2 lay 2 tube 27
ToolSvc.Muon__MdtRdoToPrepDataTool                VERBOSE adding dead tube MDT BMG eta -2 phi  6 ml 2 lay 2 tube 28
ToolSvc.Muon__MdtRdoToPrepDataTool                VERBOSE adding dead tube MDT BMG eta -2 phi  6 ml 2 lay 2 tube 29
ToolSvc.Muon__MdtRdoToPrepDataTool                VERBOSE adding dead tube MDT BMG eta -2 phi  6 ml 2 lay 2 tube 30
ToolSvc.Muon__MdtRdoToPrepDataTool                VERBOSE adding dead tube MDT BMG eta -2 phi  6 ml 2 lay 2 tube 31
ToolSvc.Muon__MdtRdoToPrepDataTool                VERBOSE adding dead tube MDT BMG eta -2 phi  6 ml 2 lay 2 tube 32
ToolSvc.Muon__MdtRdoToPrepDataTool                VERBOSE adding dead tube MDT BMG eta -2 phi  6 ml 2 lay 2 tube 33
ToolSvc.Muon__MdtRdoToPrepDataTool                VERBOSE adding dead tube MDT BMG eta -2 phi  6 ml 2 lay 3 tube 28
ToolSvc.Muon__MdtRdoToPrepDataTool                VERBOSE adding dead tube MDT BMG eta -2 phi  6 ml 2 lay 3 tube 29
ToolSvc.Muon__MdtRdoToPrepDataTool                VERBOSE adding dead tube MDT BMG eta -2 phi  6 ml 2 lay 3 tube 30
ToolSvc.Muon__MdtRdoToPrepDataTool                VERBOSE adding dead tube MDT BMG eta -2 phi  6 ml 2 lay 3 tube 31
ToolSvc.Muon__MdtRdoToPrepDataTool                VERBOSE adding dead tube MDT BMG eta -2 phi  6 ml 2 lay 3 tube 32
ToolSvc.Muon__MdtRdoToPrepDataTool                VERBOSE adding dead tube MDT BMG eta -2 phi  6 ml 2 lay 3 tube 33
ToolSvc.Muon__MdtRdoToPrepDataTool                VERBOSE adding dead tube MDT BMG eta -2 phi  6 ml 2 lay 3 tube 34
ToolSvc.Muon__MdtRdoToPrepDataTool                VERBOSE adding dead tube MDT BMG eta -2 phi  6 ml 2 lay 3 tube 35
ToolSvc.Muon__MdtRdoToPrepDataTool                VERBOSE adding dead tube MDT BMG eta -2 phi  6 ml 2 lay 4 tube 28
ToolSvc.Muon__MdtRdoToPrepDataTool                VERBOSE adding dead tube MDT BMG eta -2 phi  6 ml 2 lay 4 tube 29
ToolSvc.Muon__MdtRdoToPrepDataTool                VERBOSE adding dead tube MDT BMG eta -2 phi  6 ml 2 lay 4 tube 30
ToolSvc.Muon__MdtRdoToPrepDataTool                VERBOSE adding dead tube MDT BMG eta -2 phi  6 ml 2 lay 4 tube 31
ToolSvc.Muon__MdtRdoToPrepDataTool                VERBOSE adding dead tube MDT BMG eta -2 phi  6 ml 2 lay 4 tube 32
ToolSvc.Muon__MdtRdoToPrepDataTool                VERBOSE adding dead tube MDT BMG eta -2 phi  6 ml 2 lay 4 tube 33
ToolSvc.Muon__MdtRdoToPrepDataTool                VERBOSE adding dead tube MDT BMG eta -2 phi  6 ml 2 lay 4 tube 34
ToolSvc.Muon__MdtRdoToPrepDataTool                VERBOSE adding dead tube MDT BMG eta -2 phi  6 ml 2 lay 4 tube 35
ToolSvc.Muon__MdtRdoToPrepDataTool                VERBOSE adding dead tube MDT BMG eta  2 phi  6 ml 1 lay 1 tube 14
ToolSvc.Muon__MdtRdoToPrepDataTool                VERBOSE adding dead tube MDT BMG eta  2 phi  6 ml 1 lay 1 tube 15
ToolSvc.Muon__MdtRdoToPrepDataTool                VERBOSE adding dead tube MDT BMG eta  2 phi  6 ml 1 lay 1 tube 16
ToolSvc.Muon__MdtRdoToPrepDataTool                VERBOSE adding dead tube MDT BMG eta  2 phi  6 ml 1 lay 1 tube 17
ToolSvc.Muon__MdtRdoToPrepDataTool                VERBOSE adding dead tube MDT BMG eta  2 phi  6 ml 1 lay 1 tube 18
ToolSvc.Muon__MdtRdoToPrepDataTool                VERBOSE adding dead tube MDT BMG eta  2 phi  6 ml 1 lay 1 tube 19
ToolSvc.Muon__MdtRdoToPrepDataTool                VERBOSE adding dead tube MDT BMG eta  2 phi  6 ml 1 lay 1 tube 20
ToolSvc.Muon__MdtRdoToPrepDataTool                VERBOSE adding dead tube MDT BMG eta  2 phi  6 ml 1 lay 1 tube 21
ToolSvc.Muon__MdtRdoToPrepDataTool                VERBOSE adding dead tube MDT BMG eta  2 phi  6 ml 1 lay 2 tube 15
ToolSvc.Muon__MdtRdoToPrepDataTool                VERBOSE adding dead tube MDT BMG eta  2 phi  6 ml 1 lay 2 tube 16
ToolSvc.Muon__MdtRdoToPrepDataTool                VERBOSE adding dead tube MDT BMG eta  2 phi  6 ml 1 lay 2 tube 17
ToolSvc.Muon__MdtRdoToPrepDataTool                VERBOSE adding dead tube MDT BMG eta  2 phi  6 ml 1 lay 2 tube 18
ToolSvc.Muon__MdtRdoToPrepDataTool                VERBOSE adding dead tube MDT BMG eta  2 phi  6 ml 1 lay 2 tube 19
ToolSvc.Muon__MdtRdoToPrepDataTool                VERBOSE adding dead tube MDT BMG eta  2 phi  6 ml 1 lay 2 tube 20
ToolSvc.Muon__MdtRdoToPrepDataTool                VERBOSE adding dead tube MDT BMG eta  2 phi  6 ml 1 lay 2 tube 21
ToolSvc.Muon__MdtRdoToPrepDataTool                VERBOSE adding dead tube MDT BMG eta  2 phi  6 ml 1 lay 2 tube 22
ToolSvc.Muon__MdtRdoToPrepDataTool                VERBOSE adding dead tube MDT BMG eta  2 phi  6 ml 1 lay 3 tube 15
ToolSvc.Muon__MdtRdoToPrepDataTool                VERBOSE adding dead tube MDT BMG eta  2 phi  6 ml 1 lay 3 tube 16
ToolSvc.Muon__MdtRdoToPrepDataTool                VERBOSE adding dead tube MDT BMG eta  2 phi  6 ml 1 lay 3 tube 17
ToolSvc.Muon__MdtRdoToPrepDataTool                VERBOSE adding dead tube MDT BMG eta  2 phi  6 ml 1 lay 3 tube 18
ToolSvc.Muon__MdtRdoToPrepDataTool                VERBOSE adding dead tube MDT BMG eta  2 phi  6 ml 1 lay 3 tube 19
ToolSvc.Muon__MdtRdoToPrepDataTool                VERBOSE adding dead tube MDT BMG eta  2 phi  6 ml 1 lay 3 tube 20
ToolSvc.Muon__MdtRdoToPrepDataTool                VERBOSE adding dead tube MDT BMG eta  2 phi  6 ml 1 lay 3 tube 21
ToolSvc.Muon__MdtRdoToPrepDataTool                VERBOSE adding dead tube MDT BMG eta  2 phi  6 ml 1 lay 3 tube 22
ToolSvc.Muon__MdtRdoToPrepDataTool                VERBOSE adding dead tube MDT BMG eta  2 phi  6 ml 1 lay 4 tube 16
ToolSvc.Muon__MdtRdoToPrepDataTool                VERBOSE adding dead tube MDT BMG eta  2 phi  6 ml 1 lay 4 tube 17
ToolSvc.Muon__MdtRdoToPrepDataTool                VERBOSE adding dead tube MDT BMG eta  2 phi  6 ml 1 lay 4 tube 18
ToolSvc.Muon__MdtRdoToPrepDataTool                VERBOSE adding dead tube MDT BMG eta  2 phi  6 ml 1 lay 4 tube 19
ToolSvc.Muon__MdtRdoToPrepDataTool                VERBOSE adding dead tube MDT BMG eta  2 phi  6 ml 1 lay 4 tube 20
ToolSvc.Muon__MdtRdoToPrepDataTool                VERBOSE adding dead tube MDT BMG eta  2 phi  6 ml 1 lay 4 tube 21
ToolSvc.Muon__MdtRdoToPrepDataTool                VERBOSE adding dead tube MDT BMG eta  2 phi  6 ml 1 lay 4 tube 22
ToolSvc.Muon__MdtRdoToPrepDataTool                VERBOSE adding dead tube MDT BMG eta  2 phi  6 ml 1 lay 4 tube 23
ToolSvc.Muon__MdtRdoToPrepDataTool                VERBOSE adding dead tube MDT BMG eta  2 phi  6 ml 2 lay 1 tube 26
ToolSvc.Muon__MdtRdoToPrepDataTool                VERBOSE adding dead tube MDT BMG eta  2 phi  6 ml 2 lay 1 tube 27
ToolSvc.Muon__MdtRdoToPrepDataTool                VERBOSE adding dead tube MDT BMG eta  2 phi  6 ml 2 lay 1 tube 28
ToolSvc.Muon__MdtRdoToPrepDataTool                VERBOSE adding dead tube MDT BMG eta  2 phi  6 ml 2 lay 1 tube 29
ToolSvc.Muon__MdtRdoToPrepDataTool                VERBOSE adding dead tube MDT BMG eta  2 phi  6 ml 2 lay 1 tube 30
ToolSvc.Muon__MdtRdoToPrepDataTool                VERBOSE adding dead tube MDT BMG eta  2 phi  6 ml 2 lay 1 tube 31
ToolSvc.Muon__MdtRdoToPrepDataTool                VERBOSE adding dead tube MDT BMG eta  2 phi  6 ml 2 lay 1 tube 32
ToolSvc.Muon__MdtRdoToPrepDataTool                VERBOSE adding dead tube MDT BMG eta  2 phi  6 ml 2 lay 1 tube 33
ToolSvc.Muon__MdtRdoToPrepDataTool                VERBOSE adding dead tube MDT BMG eta  2 phi  6 ml 2 lay 2 tube 27
ToolSvc.Muon__MdtRdoToPrepDataTool                VERBOSE adding dead tube MDT BMG eta  2 phi  6 ml 2 lay 2 tube 28
ToolSvc.Muon__MdtRdoToPrepDataTool                VERBOSE adding dead tube MDT BMG eta  2 phi  6 ml 2 lay 2 tube 29
ToolSvc.Muon__MdtRdoToPrepDataTool                VERBOSE adding dead tube MDT BMG eta  2 phi  6 ml 2 lay 2 tube 30
ToolSvc.Muon__MdtRdoToPrepDataTool                VERBOSE adding dead tube MDT BMG eta  2 phi  6 ml 2 lay 2 tube 31
ToolSvc.Muon__MdtRdoToPrepDataTool                VERBOSE adding dead tube MDT BMG eta  2 phi  6 ml 2 lay 2 tube 32
ToolSvc.Muon__MdtRdoToPrepDataTool                VERBOSE adding dead tube MDT BMG eta  2 phi  6 ml 2 lay 2 tube 33
ToolSvc.Muon__MdtRdoToPrepDataTool                VERBOSE adding dead tube MDT BMG eta  2 phi  6 ml 2 lay 2 tube 34
ToolSvc.Muon__MdtRdoToPrepDataTool                VERBOSE adding dead tube MDT BMG eta  2 phi  6 ml 2 lay 3 tube 27
ToolSvc.Muon__MdtRdoToPrepDataTool                VERBOSE adding dead tube MDT BMG eta  2 phi  6 ml 2 lay 3 tube 28
ToolSvc.Muon__MdtRdoToPrepDataTool                VERBOSE adding dead tube MDT BMG eta  2 phi  6 ml 2 lay 3 tube 29
ToolSvc.Muon__MdtRdoToPrepDataTool                VERBOSE adding dead tube MDT BMG eta  2 phi  6 ml 2 lay 3 tube 30
ToolSvc.Muon__MdtRdoToPrepDataTool                VERBOSE adding dead tube MDT BMG eta  2 phi  6 ml 2 lay 3 tube 31
ToolSvc.Muon__MdtRdoToPrepDataTool                VERBOSE adding dead tube MDT BMG eta  2 phi  6 ml 2 lay 3 tube 32
ToolSvc.Muon__MdtRdoToPrepDataTool                VERBOSE adding dead tube MDT BMG eta  2 phi  6 ml 2 lay 3 tube 33
ToolSvc.Muon__MdtRdoToPrepDataTool                VERBOSE adding dead tube MDT BMG eta  2 phi  6 ml 2 lay 3 tube 34
ToolSvc.Muon__MdtRdoToPrepDataTool                VERBOSE adding dead tube MDT BMG eta  2 phi  6 ml 2 lay 4 tube 28
ToolSvc.Muon__MdtRdoToPrepDataTool                VERBOSE adding dead tube MDT BMG eta  2 phi  6 ml 2 lay 4 tube 29
ToolSvc.Muon__MdtRdoToPrepDataTool                VERBOSE adding dead tube MDT BMG eta  2 phi  6 ml 2 lay 4 tube 30
ToolSvc.Muon__MdtRdoToPrepDataTool                VERBOSE adding dead tube MDT BMG eta  2 phi  6 ml 2 lay 4 tube 31
ToolSvc.Muon__MdtRdoToPrepDataTool                VERBOSE adding dead tube MDT BMG eta  2 phi  6 ml 2 lay 4 tube 32
ToolSvc.Muon__MdtRdoToPrepDataTool                VERBOSE adding dead tube MDT BMG eta  2 phi  6 ml 2 lay 4 tube 33
ToolSvc.Muon__MdtRdoToPrepDataTool                VERBOSE adding dead tube MDT BMG eta  2 phi  6 ml 2 lay 4 tube 34
ToolSvc.Muon__MdtRdoToPrepDataTool                VERBOSE adding dead tube MDT BMG eta  2 phi  6 ml 2 lay 4 tube 35
ToolSvc.Muon__MdtRdoToPrepDataTool                VERBOSE adding dead tube MDT BMG eta -3 phi  6 ml 1 lay 1 tube 16
ToolSvc.Muon__MdtRdoToPrepDataTool                VERBOSE adding dead tube MDT BMG eta -3 phi  6 ml 1 lay 1 tube 17
ToolSvc.Muon__MdtRdoToPrepDataTool                VERBOSE adding dead tube MDT BMG eta -3 phi  6 ml 1 lay 1 tube 18
ToolSvc.Muon__MdtRdoToPrepDataTool                VERBOSE adding dead tube MDT BMG eta -3 phi  6 ml 1 lay 1 tube 19
ToolSvc.Muon__MdtRdoToPrepDataTool                VERBOSE adding dead tube MDT BMG eta -3 phi  6 ml 1 lay 1 tube 20
ToolSvc.Muon__MdtRdoToPrepDataTool                VERBOSE adding dead tube MDT BMG eta -3 phi  6 ml 1 lay 1 tube 21
ToolSvc.Muon__MdtRdoToPrepDataTool                VERBOSE adding dead tube MDT BMG eta -3 phi  6 ml 1 lay 1 tube 22
ToolSvc.Muon__MdtRdoToPrepDataTool                VERBOSE adding dead tube MDT BMG eta -3 phi  6 ml 1 lay 1 tube 23
ToolSvc.Muon__MdtRdoToPrepDataTool                VERBOSE adding dead tube MDT BMG eta -3 phi  6 ml 1 lay 1 tube 24
ToolSvc.Muon__MdtRdoToPrepDataTool                VERBOSE adding dead tube MDT BMG eta -3 phi  6 ml 1 lay 1 tube 25
ToolSvc.Muon__MdtRdoToPrepDataTool                VERBOSE adding dead tube MDT BMG eta -3 phi  6 ml 1 lay 1 tube 26
ToolSvc.Muon__MdtRdoToPrepDataTool                VERBOSE adding dead tube MDT BMG eta -3 phi  6 ml 1 lay 1 tube 27
ToolSvc.Muon__MdtRdoToPrepDataTool                VERBOSE adding dead tube MDT BMG eta -3 phi  6 ml 1 lay 1 tube 28
ToolSvc.Muon__MdtRdoToPrepDataTool                VERBOSE adding dead tube MDT BMG eta -3 phi  6 ml 1 lay 2 tube 16
ToolSvc.Muon__MdtRdoToPrepDataTool                VERBOSE adding dead tube MDT BMG eta -3 phi  6 ml 1 lay 2 tube 17
ToolSvc.Muon__MdtRdoToPrepDataTool                VERBOSE adding dead tube MDT BMG eta -3 phi  6 ml 1 lay 2 tube 18
ToolSvc.Muon__MdtRdoToPrepDataTool                VERBOSE adding dead tube MDT BMG eta -3 phi  6 ml 1 lay 2 tube 19
ToolSvc.Muon__MdtRdoToPrepDataTool                VERBOSE adding dead tube MDT BMG eta -3 phi  6 ml 1 lay 2 tube 20
ToolSvc.Muon__MdtRdoToPrepDataTool                VERBOSE adding dead tube MDT BMG eta -3 phi  6 ml 1 lay 2 tube 21
ToolSvc.Muon__MdtRdoToPrepDataTool                VERBOSE adding dead tube MDT BMG eta -3 phi  6 ml 1 lay 2 tube 22
ToolSvc.Muon__MdtRdoToPrepDataTool                VERBOSE adding dead tube MDT BMG eta -3 phi  6 ml 1 lay 2 tube 23
ToolSvc.Muon__MdtRdoToPrepDataTool                VERBOSE adding dead tube MDT BMG eta -3 phi  6 ml 1 lay 2 tube 24
ToolSvc.Muon__MdtRdoToPrepDataTool                VERBOSE adding dead tube MDT BMG eta -3 phi  6 ml 1 lay 2 tube 25
ToolSvc.Muon__MdtRdoToPrepDataTool                VERBOSE adding dead tube MDT BMG eta -3 phi  6 ml 1 lay 2 tube 26
ToolSvc.Muon__MdtRdoToPrepDataTool                VERBOSE adding dead tube MDT BMG eta -3 phi  6 ml 1 lay 2 tube 27
ToolSvc.Muon__MdtRdoToPrepDataTool                VERBOSE adding dead tube MDT BMG eta -3 phi  6 ml 1 lay 2 tube 28
ToolSvc.Muon__MdtRdoToPrepDataTool                VERBOSE adding dead tube MDT BMG eta -3 phi  6 ml 1 lay 2 tube 29
ToolSvc.Muon__MdtRdoToPrepDataTool                VERBOSE adding dead tube MDT BMG eta -3 phi  6 ml 1 lay 3 tube 18
ToolSvc.Muon__MdtRdoToPrepDataTool                VERBOSE adding dead tube MDT BMG eta -3 phi  6 ml 1 lay 3 tube 19
ToolSvc.Muon__MdtRdoToPrepDataTool                VERBOSE adding dead tube MDT BMG eta -3 phi  6 ml 1 lay 3 tube 20
ToolSvc.Muon__MdtRdoToPrepDataTool                VERBOSE adding dead tube MDT BMG eta -3 phi  6 ml 1 lay 3 tube 21
ToolSvc.Muon__MdtRdoToPrepDataTool                VERBOSE adding dead tube MDT BMG eta -3 phi  6 ml 1 lay 3 tube 22
ToolSvc.Muon__MdtRdoToPrepDataTool                VERBOSE adding dead tube MDT BMG eta -3 phi  6 ml 1 lay 3 tube 23
ToolSvc.Muon__MdtRdoToPrepDataTool                VERBOSE adding dead tube MDT BMG eta -3 phi  6 ml 1 lay 3 tube 24
ToolSvc.Muon__MdtRdoToPrepDataTool                VERBOSE adding dead tube MDT BMG eta -3 phi  6 ml 1 lay 3 tube 25
ToolSvc.Muon__MdtRdoToPrepDataTool                VERBOSE adding dead tube MDT BMG eta -3 phi  6 ml 1 lay 3 tube 26
ToolSvc.Muon__MdtRdoToPrepDataTool                VERBOSE adding dead tube MDT BMG eta -3 phi  6 ml 1 lay 3 tube 27
ToolSvc.Muon__MdtRdoToPrepDataTool                VERBOSE adding dead tube MDT BMG eta -3 phi  6 ml 1 lay 3 tube 28
ToolSvc.Muon__MdtRdoToPrepDataTool                VERBOSE adding dead tube MDT BMG eta -3 phi  6 ml 1 lay 3 tube 29
ToolSvc.Muon__MdtRdoToPrepDataTool                VERBOSE adding dead tube MDT BMG eta -3 phi  6 ml 1 lay 3 tube 30
ToolSvc.Muon__MdtRdoToPrepDataTool                VERBOSE adding dead tube MDT BMG eta -3 phi  6 ml 1 lay 4 tube 18
ToolSvc.Muon__MdtRdoToPrepDataTool                VERBOSE adding dead tube MDT BMG eta -3 phi  6 ml 1 lay 4 tube 19
ToolSvc.Muon__MdtRdoToPrepDataTool                VERBOSE adding dead tube MDT BMG eta -3 phi  6 ml 1 lay 4 tube 20
ToolSvc.Muon__MdtRdoToPrepDataTool                VERBOSE adding dead tube MDT BMG eta -3 phi  6 ml 1 lay 4 tube 21
ToolSvc.Muon__MdtRdoToPrepDataTool                VERBOSE adding dead tube MDT BMG eta -3 phi  6 ml 1 lay 4 tube 22
ToolSvc.Muon__MdtRdoToPrepDataTool                VERBOSE adding dead tube MDT BMG eta -3 phi  6 ml 1 lay 4 tube 23
ToolSvc.Muon__MdtRdoToPrepDataTool                VERBOSE adding dead tube MDT BMG eta -3 phi  6 ml 1 lay 4 tube 24
ToolSvc.Muon__MdtRdoToPrepDataTool                VERBOSE adding dead tube MDT BMG eta -3 phi  6 ml 1 lay 4 tube 25
ToolSvc.Muon__MdtRdoToPrepDataTool                VERBOSE adding dead tube MDT BMG eta -3 phi  6 ml 1 lay 4 tube 26
ToolSvc.Muon__MdtRdoToPrepDataTool                VERBOSE adding dead tube MDT BMG eta -3 phi  6 ml 1 lay 4 tube 27
ToolSvc.Muon__MdtRdoToPrepDataTool                VERBOSE adding dead tube MDT BMG eta -3 phi  6 ml 1 lay 4 tube 28
ToolSvc.Muon__MdtRdoToPrepDataTool                VERBOSE adding dead tube MDT BMG eta -3 phi  6 ml 1 lay 4 tube 29
ToolSvc.Muon__MdtRdoToPrepDataTool                VERBOSE adding dead tube MDT BMG eta -3 phi  6 ml 1 lay 4 tube 30
ToolSvc.Muon__MdtRdoToPrepDataTool                VERBOSE adding dead tube MDT BMG eta -3 phi  6 ml 1 lay 4 tube 31
ToolSvc.Muon__MdtRdoToPrepDataTool                VERBOSE adding dead tube MDT BMG eta -3 phi  6 ml 2 lay 1 tube 33
ToolSvc.Muon__MdtRdoToPrepDataTool                VERBOSE adding dead tube MDT BMG eta -3 phi  6 ml 2 lay 1 tube 34
ToolSvc.Muon__MdtRdoToPrepDataTool                VERBOSE adding dead tube MDT BMG eta -3 phi  6 ml 2 lay 1 tube 35
ToolSvc.Muon__MdtRdoToPrepDataTool                VERBOSE adding dead tube MDT BMG eta -3 phi  6 ml 2 lay 1 tube 36
ToolSvc.Muon__MdtRdoToPrepDataTool                VERBOSE adding dead tube MDT BMG eta -3 phi  6 ml 2 lay 1 tube 37
ToolSvc.Muon__MdtRdoToPrepDataTool                VERBOSE adding dead tube MDT BMG eta -3 phi  6 ml 2 lay 1 tube 38
ToolSvc.Muon__MdtRdoToPrepDataTool                VERBOSE adding dead tube MDT BMG eta -3 phi  6 ml 2 lay 1 tube 39
ToolSvc.Muon__MdtRdoToPrepDataTool                VERBOSE adding dead tube MDT BMG eta -3 phi  6 ml 2 lay 1 tube 40
ToolSvc.Muon__MdtRdoToPrepDataTool                VERBOSE adding dead tube MDT BMG eta -3 phi  6 ml 2 lay 1 tube 41
ToolSvc.Muon__MdtRdoToPrepDataTool                VERBOSE adding dead tube MDT BMG eta -3 phi  6 ml 2 lay 1 tube 42
ToolSvc.Muon__MdtRdoToPrepDataTool                VERBOSE adding dead tube MDT BMG eta -3 phi  6 ml 2 lay 1 tube 43
ToolSvc.Muon__MdtRdoToPrepDataTool                VERBOSE adding dead tube MDT BMG eta -3 phi  6 ml 2 lay 1 tube 44
ToolSvc.Muon__MdtRdoToPrepDataTool                VERBOSE adding dead tube MDT BMG eta -3 phi  6 ml 2 lay 1 tube 45
ToolSvc.Muon__MdtRdoToPrepDataTool                VERBOSE adding dead tube MDT BMG eta -3 phi  6 ml 2 lay 1 tube 46
ToolSvc.Muon__MdtRdoToPrepDataTool                VERBOSE adding dead tube MDT BMG eta -3 phi  6 ml 2 lay 2 tube 33
ToolSvc.Muon__MdtRdoToPrepDataTool                VERBOSE adding dead tube MDT BMG eta -3 phi  6 ml 2 lay 2 tube 34
ToolSvc.Muon__MdtRdoToPrepDataTool                VERBOSE adding dead tube MDT BMG eta -3 phi  6 ml 2 lay 2 tube 35
ToolSvc.Muon__MdtRdoToPrepDataTool                VERBOSE adding dead tube MDT BMG eta -3 phi  6 ml 2 lay 2 tube 36
ToolSvc.Muon__MdtRdoToPrepDataTool                VERBOSE adding dead tube MDT BMG eta -3 phi  6 ml 2 lay 2 tube 37
ToolSvc.Muon__MdtRdoToPrepDataTool                VERBOSE adding dead tube MDT BMG eta -3 phi  6 ml 2 lay 2 tube 38
ToolSvc.Muon__MdtRdoToPrepDataTool                VERBOSE adding dead tube MDT BMG eta -3 phi  6 ml 2 lay 2 tube 39
ToolSvc.Muon__MdtRdoToPrepDataTool                VERBOSE adding dead tube MDT BMG eta -3 phi  6 ml 2 lay 2 tube 40
ToolSvc.Muon__MdtRdoToPrepDataTool                VERBOSE adding dead tube MDT BMG eta -3 phi  6 ml 2 lay 2 tube 41
ToolSvc.Muon__MdtRdoToPrepDataTool                VERBOSE adding dead tube MDT BMG eta -3 phi  6 ml 2 lay 2 tube 42
ToolSvc.Muon__MdtRdoToPrepDataTool                VERBOSE adding dead tube MDT BMG eta -3 phi  6 ml 2 lay 2 tube 43
ToolSvc.Muon__MdtRdoToPrepDataTool                VERBOSE adding dead tube MDT BMG eta -3 phi  6 ml 2 lay 2 tube 44
ToolSvc.Muon__MdtRdoToPrepDataTool                VERBOSE adding dead tube MDT BMG eta -3 phi  6 ml 2 lay 2 tube 45
ToolSvc.Muon__MdtRdoToPrepDataTool                VERBOSE adding dead tube MDT BMG eta -3 phi  6 ml 2 lay 2 tube 46
ToolSvc.Muon__MdtRdoToPrepDataTool                VERBOSE adding dead tube MDT BMG eta -3 phi  6 ml 2 lay 3 tube 35
ToolSvc.Muon__MdtRdoToPrepDataTool                VERBOSE adding dead tube MDT BMG eta -3 phi  6 ml 2 lay 3 tube 36
ToolSvc.Muon__MdtRdoToPrepDataTool                VERBOSE adding dead tube MDT BMG eta -3 phi  6 ml 2 lay 3 tube 37
ToolSvc.Muon__MdtRdoToPrepDataTool                VERBOSE adding dead tube MDT BMG eta -3 phi  6 ml 2 lay 3 tube 38
ToolSvc.Muon__MdtRdoToPrepDataTool                VERBOSE adding dead tube MDT BMG eta -3 phi  6 ml 2 lay 3 tube 39
ToolSvc.Muon__MdtRdoToPrepDataTool                VERBOSE adding dead tube MDT BMG eta -3 phi  6 ml 2 lay 3 tube 40
ToolSvc.Muon__MdtRdoToPrepDataTool                VERBOSE adding dead tube MDT BMG eta -3 phi  6 ml 2 lay 3 tube 41
ToolSvc.Muon__MdtRdoToPrepDataTool                VERBOSE adding dead tube MDT BMG eta -3 phi  6 ml 2 lay 3 tube 42
ToolSvc.Muon__MdtRdoToPrepDataTool                VERBOSE adding dead tube MDT BMG eta -3 phi  6 ml 2 lay 3 tube 43
ToolSvc.Muon__MdtRdoToPrepDataTool                VERBOSE adding dead tube MDT BMG eta -3 phi  6 ml 2 lay 3 tube 44
ToolSvc.Muon__MdtRdoToPrepDataTool                VERBOSE adding dead tube MDT BMG eta -3 phi  6 ml 2 lay 3 tube 45
ToolSvc.Muon__MdtRdoToPrepDataTool                VERBOSE adding dead tube MDT BMG eta -3 phi  6 ml 2 lay 3 tube 46
ToolSvc.Muon__MdtRdoToPrepDataTool                VERBOSE adding dead tube MDT BMG eta -3 phi  6 ml 2 lay 3 tube 47
ToolSvc.Muon__MdtRdoToPrepDataTool                VERBOSE adding dead tube MDT BMG eta -3 phi  6 ml 2 lay 3 tube 48
ToolSvc.Muon__MdtRdoToPrepDataTool                VERBOSE adding dead tube MDT BMG eta -3 phi  6 ml 2 lay 4 tube 35
ToolSvc.Muon__MdtRdoToPrepDataTool                VERBOSE adding dead tube MDT BMG eta -3 phi  6 ml 2 lay 4 tube 36
ToolSvc.Muon__MdtRdoToPrepDataTool                VERBOSE adding dead tube MDT BMG eta -3 phi  6 ml 2 lay 4 tube 37
ToolSvc.Muon__MdtRdoToPrepDataTool                VERBOSE adding dead tube MDT BMG eta -3 phi  6 ml 2 lay 4 tube 38
ToolSvc.Muon__MdtRdoToPrepDataTool                VERBOSE adding dead tube MDT BMG eta -3 phi  6 ml 2 lay 4 tube 39
ToolSvc.Muon__MdtRdoToPrepDataTool                VERBOSE adding dead tube MDT BMG eta -3 phi  6 ml 2 lay 4 tube 40
ToolSvc.Muon__MdtRdoToPrepDataTool                VERBOSE adding dead tube MDT BMG eta -3 phi  6 ml 2 lay 4 tube 41
ToolSvc.Muon__MdtRdoToPrepDataTool                VERBOSE adding dead tube MDT BMG eta -3 phi  6 ml 2 lay 4 tube 42
ToolSvc.Muon__MdtRdoToPrepDataTool                VERBOSE adding dead tube MDT BMG eta -3 phi  6 ml 2 lay 4 tube 43
ToolSvc.Muon__MdtRdoToPrepDataTool                VERBOSE adding dead tube MDT BMG eta -3 phi  6 ml 2 lay 4 tube 44
ToolSvc.Muon__MdtRdoToPrepDataTool                VERBOSE adding dead tube MDT BMG eta -3 phi  6 ml 2 lay 4 tube 45
ToolSvc.Muon__MdtRdoToPrepDataTool                VERBOSE adding dead tube MDT BMG eta -3 phi  6 ml 2 lay 4 tube 46
ToolSvc.Muon__MdtRdoToPrepDataTool                VERBOSE adding dead tube MDT BMG eta -3 phi  6 ml 2 lay 4 tube 47
ToolSvc.Muon__MdtRdoToPrepDataTool                VERBOSE adding dead tube MDT BMG eta -3 phi  6 ml 2 lay 4 tube 48
ToolSvc.Muon__MdtRdoToPrepDataTool                VERBOSE adding dead tube MDT BMG eta  3 phi  6 ml 1 lay 1 tube 15
ToolSvc.Muon__MdtRdoToPrepDataTool                VERBOSE adding dead tube MDT BMG eta  3 phi  6 ml 1 lay 1 tube 16
ToolSvc.Muon__MdtRdoToPrepDataTool                VERBOSE adding dead tube MDT BMG eta  3 phi  6 ml 1 lay 1 tube 17
ToolSvc.Muon__MdtRdoToPrepDataTool                VERBOSE adding dead tube MDT BMG eta  3 phi  6 ml 1 lay 1 tube 18
ToolSvc.Muon__MdtRdoToPrepDataTool                VERBOSE adding dead tube MDT BMG eta  3 phi  6 ml 1 lay 1 tube 19
ToolSvc.Muon__MdtRdoToPrepDataTool                VERBOSE adding dead tube MDT BMG eta  3 phi  6 ml 1 lay 1 tube 20
ToolSvc.Muon__MdtRdoToPrepDataTool                VERBOSE adding dead tube MDT BMG eta  3 phi  6 ml 1 lay 1 tube 21
ToolSvc.Muon__MdtRdoToPrepDataTool                VERBOSE adding dead tube MDT BMG eta  3 phi  6 ml 1 lay 1 tube 22
ToolSvc.Muon__MdtRdoToPrepDataTool                VERBOSE adding dead tube MDT BMG eta  3 phi  6 ml 1 lay 1 tube 23
ToolSvc.Muon__MdtRdoToPrepDataTool                VERBOSE adding dead tube MDT BMG eta  3 phi  6 ml 1 lay 1 tube 24
ToolSvc.Muon__MdtRdoToPrepDataTool                VERBOSE adding dead tube MDT BMG eta  3 phi  6 ml 1 lay 1 tube 25
ToolSvc.Muon__MdtRdoToPrepDataTool                VERBOSE adding dead tube MDT BMG eta  3 phi  6 ml 1 lay 1 tube 26
ToolSvc.Muon__MdtRdoToPrepDataTool                VERBOSE adding dead tube MDT BMG eta  3 phi  6 ml 1 lay 1 tube 27
ToolSvc.Muon__MdtRdoToPrepDataTool                VERBOSE adding dead tube MDT BMG eta  3 phi  6 ml 1 lay 1 tube 28
ToolSvc.Muon__MdtRdoToPrepDataTool                VERBOSE adding dead tube MDT BMG eta  3 phi  6 ml 1 lay 2 tube 17
ToolSvc.Muon__MdtRdoToPrepDataTool                VERBOSE adding dead tube MDT BMG eta  3 phi  6 ml 1 lay 2 tube 18
ToolSvc.Muon__MdtRdoToPrepDataTool                VERBOSE adding dead tube MDT BMG eta  3 phi  6 ml 1 lay 2 tube 19
ToolSvc.Muon__MdtRdoToPrepDataTool                VERBOSE adding dead tube MDT BMG eta  3 phi  6 ml 1 lay 2 tube 20
ToolSvc.Muon__MdtRdoToPrepDataTool                VERBOSE adding dead tube MDT BMG eta  3 phi  6 ml 1 lay 2 tube 21
ToolSvc.Muon__MdtRdoToPrepDataTool                VERBOSE adding dead tube MDT BMG eta  3 phi  6 ml 1 lay 2 tube 22
ToolSvc.Muon__MdtRdoToPrepDataTool                VERBOSE adding dead tube MDT BMG eta  3 phi  6 ml 1 lay 2 tube 23
ToolSvc.Muon__MdtRdoToPrepDataTool                VERBOSE adding dead tube MDT BMG eta  3 phi  6 ml 1 lay 2 tube 24
ToolSvc.Muon__MdtRdoToPrepDataTool                VERBOSE adding dead tube MDT BMG eta  3 phi  6 ml 1 lay 2 tube 25
ToolSvc.Muon__MdtRdoToPrepDataTool                VERBOSE adding dead tube MDT BMG eta  3 phi  6 ml 1 lay 2 tube 26
ToolSvc.Muon__MdtRdoToPrepDataTool                VERBOSE adding dead tube MDT BMG eta  3 phi  6 ml 1 lay 2 tube 27
ToolSvc.Muon__MdtRdoToPrepDataTool                VERBOSE adding dead tube MDT BMG eta  3 phi  6 ml 1 lay 2 tube 28
ToolSvc.Muon__MdtRdoToPrepDataTool                VERBOSE adding dead tube MDT BMG eta  3 phi  6 ml 1 lay 2 tube 29
ToolSvc.Muon__MdtRdoToPrepDataTool                VERBOSE adding dead tube MDT BMG eta  3 phi  6 ml 1 lay 2 tube 30
ToolSvc.Muon__MdtRdoToPrepDataTool                VERBOSE adding dead tube MDT BMG eta  3 phi  6 ml 1 lay 3 tube 17
ToolSvc.Muon__MdtRdoToPrepDataTool                VERBOSE adding dead tube MDT BMG eta  3 phi  6 ml 1 lay 3 tube 18
ToolSvc.Muon__MdtRdoToPrepDataTool                VERBOSE adding dead tube MDT BMG eta  3 phi  6 ml 1 lay 3 tube 19
ToolSvc.Muon__MdtRdoToPrepDataTool                VERBOSE adding dead tube MDT BMG eta  3 phi  6 ml 1 lay 3 tube 20
ToolSvc.Muon__MdtRdoToPrepDataTool                VERBOSE adding dead tube MDT BMG eta  3 phi  6 ml 1 lay 3 tube 21
ToolSvc.Muon__MdtRdoToPrepDataTool                VERBOSE adding dead tube MDT BMG eta  3 phi  6 ml 1 lay 3 tube 22
ToolSvc.Muon__MdtRdoToPrepDataTool                VERBOSE adding dead tube MDT BMG eta  3 phi  6 ml 1 lay 3 tube 23
ToolSvc.Muon__MdtRdoToPrepDataTool                VERBOSE adding dead tube MDT BMG eta  3 phi  6 ml 1 lay 3 tube 24
ToolSvc.Muon__MdtRdoToPrepDataTool                VERBOSE adding dead tube MDT BMG eta  3 phi  6 ml 1 lay 3 tube 25
ToolSvc.Muon__MdtRdoToPrepDataTool                VERBOSE adding dead tube MDT BMG eta  3 phi  6 ml 1 lay 3 tube 26
ToolSvc.Muon__MdtRdoToPrepDataTool                VERBOSE adding dead tube MDT BMG eta  3 phi  6 ml 1 lay 3 tube 27
ToolSvc.Muon__MdtRdoToPrepDataTool                VERBOSE adding dead tube MDT BMG eta  3 phi  6 ml 1 lay 3 tube 28
ToolSvc.Muon__MdtRdoToPrepDataTool                VERBOSE adding dead tube MDT BMG eta  3 phi  6 ml 1 lay 3 tube 29
ToolSvc.Muon__MdtRdoToPrepDataTool                VERBOSE adding dead tube MDT BMG eta  3 phi  6 ml 1 lay 3 tube 30
ToolSvc.Muon__MdtRdoToPrepDataTool                VERBOSE adding dead tube MDT BMG eta  3 phi  6 ml 1 lay 4 tube 19
ToolSvc.Muon__MdtRdoToPrepDataTool                VERBOSE adding dead tube MDT BMG eta  3 phi  6 ml 1 lay 4 tube 20
ToolSvc.Muon__MdtRdoToPrepDataTool                VERBOSE adding dead tube MDT BMG eta  3 phi  6 ml 1 lay 4 tube 21
ToolSvc.Muon__MdtRdoToPrepDataTool                VERBOSE adding dead tube MDT BMG eta  3 phi  6 ml 1 lay 4 tube 22
ToolSvc.Muon__MdtRdoToPrepDataTool                VERBOSE adding dead tube MDT BMG eta  3 phi  6 ml 1 lay 4 tube 23
ToolSvc.Muon__MdtRdoToPrepDataTool                VERBOSE adding dead tube MDT BMG eta  3 phi  6 ml 1 lay 4 tube 24
ToolSvc.Muon__MdtRdoToPrepDataTool                VERBOSE adding dead tube MDT BMG eta  3 phi  6 ml 1 lay 4 tube 25
ToolSvc.Muon__MdtRdoToPrepDataTool                VERBOSE adding dead tube MDT BMG eta  3 phi  6 ml 1 lay 4 tube 26
ToolSvc.Muon__MdtRdoToPrepDataTool                VERBOSE adding dead tube MDT BMG eta  3 phi  6 ml 1 lay 4 tube 27
ToolSvc.Muon__MdtRdoToPrepDataTool                VERBOSE adding dead tube MDT BMG eta  3 phi  6 ml 1 lay 4 tube 28
ToolSvc.Muon__MdtRdoToPrepDataTool                VERBOSE adding dead tube MDT BMG eta  3 phi  6 ml 1 lay 4 tube 29
ToolSvc.Muon__MdtRdoToPrepDataTool                VERBOSE adding dead tube MDT BMG eta  3 phi  6 ml 1 lay 4 tube 30
ToolSvc.Muon__MdtRdoToPrepDataTool                VERBOSE adding dead tube MDT BMG eta  3 phi  6 ml 1 lay 4 tube 31
ToolSvc.Muon__MdtRdoToPrepDataTool                VERBOSE adding dead tube MDT BMG eta  3 phi  6 ml 1 lay 4 tube 32
ToolSvc.Muon__MdtRdoToPrepDataTool                VERBOSE adding dead tube MDT BMG eta  3 phi  6 ml 2 lay 1 tube 32
ToolSvc.Muon__MdtRdoToPrepDataTool                VERBOSE adding dead tube MDT BMG eta  3 phi  6 ml 2 lay 1 tube 33
ToolSvc.Muon__MdtRdoToPrepDataTool                VERBOSE adding dead tube MDT BMG eta  3 phi  6 ml 2 lay 1 tube 34
ToolSvc.Muon__MdtRdoToPrepDataTool                VERBOSE adding dead tube MDT BMG eta  3 phi  6 ml 2 lay 1 tube 35
ToolSvc.Muon__MdtRdoToPrepDataTool                VERBOSE adding dead tube MDT BMG eta  3 phi  6 ml 2 lay 1 tube 36
ToolSvc.Muon__MdtRdoToPrepDataTool                VERBOSE adding dead tube MDT BMG eta  3 phi  6 ml 2 lay 1 tube 37
ToolSvc.Muon__MdtRdoToPrepDataTool                VERBOSE adding dead tube MDT BMG eta  3 phi  6 ml 2 lay 1 tube 38
ToolSvc.Muon__MdtRdoToPrepDataTool                VERBOSE adding dead tube MDT BMG eta  3 phi  6 ml 2 lay 1 tube 39
ToolSvc.Muon__MdtRdoToPrepDataTool                VERBOSE adding dead tube MDT BMG eta  3 phi  6 ml 2 lay 1 tube 40
ToolSvc.Muon__MdtRdoToPrepDataTool                VERBOSE adding dead tube MDT BMG eta  3 phi  6 ml 2 lay 1 tube 41
ToolSvc.Muon__MdtRdoToPrepDataTool                VERBOSE adding dead tube MDT BMG eta  3 phi  6 ml 2 lay 1 tube 42
ToolSvc.Muon__MdtRdoToPrepDataTool                VERBOSE adding dead tube MDT BMG eta  3 phi  6 ml 2 lay 1 tube 43
ToolSvc.Muon__MdtRdoToPrepDataTool                VERBOSE adding dead tube MDT BMG eta  3 phi  6 ml 2 lay 1 tube 44
ToolSvc.Muon__MdtRdoToPrepDataTool                VERBOSE adding dead tube MDT BMG eta  3 phi  6 ml 2 lay 1 tube 45
ToolSvc.Muon__MdtRdoToPrepDataTool                VERBOSE adding dead tube MDT BMG eta  3 phi  6 ml 2 lay 2 tube 34
ToolSvc.Muon__MdtRdoToPrepDataTool                VERBOSE adding dead tube MDT BMG eta  3 phi  6 ml 2 lay 2 tube 35
ToolSvc.Muon__MdtRdoToPrepDataTool                VERBOSE adding dead tube MDT BMG eta  3 phi  6 ml 2 lay 2 tube 36
ToolSvc.Muon__MdtRdoToPrepDataTool                VERBOSE adding dead tube MDT BMG eta  3 phi  6 ml 2 lay 2 tube 37
ToolSvc.Muon__MdtRdoToPrepDataTool                VERBOSE adding dead tube MDT BMG eta  3 phi  6 ml 2 lay 2 tube 38
ToolSvc.Muon__MdtRdoToPrepDataTool                VERBOSE adding dead tube MDT BMG eta  3 phi  6 ml 2 lay 2 tube 39
ToolSvc.Muon__MdtRdoToPrepDataTool                VERBOSE adding dead tube MDT BMG eta  3 phi  6 ml 2 lay 2 tube 40
ToolSvc.Muon__MdtRdoToPrepDataTool                VERBOSE adding dead tube MDT BMG eta  3 phi  6 ml 2 lay 2 tube 41
ToolSvc.Muon__MdtRdoToPrepDataTool                VERBOSE adding dead tube MDT BMG eta  3 phi  6 ml 2 lay 2 tube 42
ToolSvc.Muon__MdtRdoToPrepDataTool                VERBOSE adding dead tube MDT BMG eta  3 phi  6 ml 2 lay 2 tube 43
ToolSvc.Muon__MdtRdoToPrepDataTool                VERBOSE adding dead tube MDT BMG eta  3 phi  6 ml 2 lay 2 tube 44
ToolSvc.Muon__MdtRdoToPrepDataTool                VERBOSE adding dead tube MDT BMG eta  3 phi  6 ml 2 lay 2 tube 45
ToolSvc.Muon__MdtRdoToPrepDataTool                VERBOSE adding dead tube MDT BMG eta  3 phi  6 ml 2 lay 2 tube 46
ToolSvc.Muon__MdtRdoToPrepDataTool                VERBOSE adding dead tube MDT BMG eta  3 phi  6 ml 2 lay 2 tube 47
ToolSvc.Muon__MdtRdoToPrepDataTool                VERBOSE adding dead tube MDT BMG eta  3 phi  6 ml 2 lay 3 tube 34
ToolSvc.Muon__MdtRdoToPrepDataTool                VERBOSE adding dead tube MDT BMG eta  3 phi  6 ml 2 lay 3 tube 35
ToolSvc.Muon__MdtRdoToPrepDataTool                VERBOSE adding dead tube MDT BMG eta  3 phi  6 ml 2 lay 3 tube 36
ToolSvc.Muon__MdtRdoToPrepDataTool                VERBOSE adding dead tube MDT BMG eta  3 phi  6 ml 2 lay 3 tube 37
ToolSvc.Muon__MdtRdoToPrepDataTool                VERBOSE adding dead tube MDT BMG eta  3 phi  6 ml 2 lay 3 tube 38
ToolSvc.Muon__MdtRdoToPrepDataTool                VERBOSE adding dead tube MDT BMG eta  3 phi  6 ml 2 lay 3 tube 39
ToolSvc.Muon__MdtRdoToPrepDataTool                VERBOSE adding dead tube MDT BMG eta  3 phi  6 ml 2 lay 3 tube 40
ToolSvc.Muon__MdtRdoToPrepDataTool                VERBOSE adding dead tube MDT BMG eta  3 phi  6 ml 2 lay 3 tube 41
ToolSvc.Muon__MdtRdoToPrepDataTool                VERBOSE adding dead tube MDT BMG eta  3 phi  6 ml 2 lay 3 tube 42
ToolSvc.Muon__MdtRdoToPrepDataTool                VERBOSE adding dead tube MDT BMG eta  3 phi  6 ml 2 lay 3 tube 43
ToolSvc.Muon__MdtRdoToPrepDataTool                VERBOSE adding dead tube MDT BMG eta  3 phi  6 ml 2 lay 3 tube 44
ToolSvc.Muon__MdtRdoToPrepDataTool                VERBOSE adding dead tube MDT BMG eta  3 phi  6 ml 2 lay 3 tube 45
ToolSvc.Muon__MdtRdoToPrepDataTool                VERBOSE adding dead tube MDT BMG eta  3 phi  6 ml 2 lay 3 tube 46
ToolSvc.Muon__MdtRdoToPrepDataTool                VERBOSE adding dead tube MDT BMG eta  3 phi  6 ml 2 lay 3 tube 47
ToolSvc.Muon__MdtRdoToPrepDataTool                VERBOSE adding dead tube MDT BMG eta  3 phi  6 ml 2 lay 4 tube 36
ToolSvc.Muon__MdtRdoToPrepDataTool                VERBOSE adding dead tube MDT BMG eta  3 phi  6 ml 2 lay 4 tube 37
ToolSvc.Muon__MdtRdoToPrepDataTool                VERBOSE adding dead tube MDT BMG eta  3 phi  6 ml 2 lay 4 tube 38
ToolSvc.Muon__MdtRdoToPrepDataTool                VERBOSE adding dead tube MDT BMG eta  3 phi  6 ml 2 lay 4 tube 39
ToolSvc.Muon__MdtRdoToPrepDataTool                VERBOSE adding dead tube MDT BMG eta  3 phi  6 ml 2 lay 4 tube 40
ToolSvc.Muon__MdtRdoToPrepDataTool                VERBOSE adding dead tube MDT BMG eta  3 phi  6 ml 2 lay 4 tube 41
ToolSvc.Muon__MdtRdoToPrepDataTool                VERBOSE adding dead tube MDT BMG eta  3 phi  6 ml 2 lay 4 tube 42
ToolSvc.Muon__MdtRdoToPrepDataTool                VERBOSE adding dead tube MDT BMG eta  3 phi  6 ml 2 lay 4 tube 43
ToolSvc.Muon__MdtRdoToPrepDataTool                VERBOSE adding dead tube MDT BMG eta  3 phi  6 ml 2 lay 4 tube 44
ToolSvc.Muon__MdtRdoToPrepDataTool                VERBOSE adding dead tube MDT BMG eta  3 phi  6 ml 2 lay 4 tube 45
ToolSvc.Muon__MdtRdoToPrepDataTool                VERBOSE adding dead tube MDT BMG eta  3 phi  6 ml 2 lay 4 tube 46
ToolSvc.Muon__MdtRdoToPrepDataTool                VERBOSE adding dead tube MDT BMG eta  3 phi  6 ml 2 lay 4 tube 47
ToolSvc.Muon__MdtRdoToPrepDataTool                VERBOSE adding dead tube MDT BMG eta  3 phi  6 ml 2 lay 4 tube 48
ToolSvc.Muon__MdtRdoToPrepDataTool                VERBOSE adding dead tube MDT BMG eta  3 phi  6 ml 2 lay 4 tube 49
ToolSvc.Muon__MdtRdoToPrepDataTool                VERBOSE adding dead tube MDT BMG eta -1 phi  7 ml 1 lay 1 tube 24
ToolSvc.Muon__MdtRdoToPrepDataTool                VERBOSE adding dead tube MDT BMG eta -1 phi  7 ml 1 lay 1 tube 25
ToolSvc.Muon__MdtRdoToPrepDataTool                VERBOSE adding dead tube MDT BMG eta -1 phi  7 ml 1 lay 1 tube 26
ToolSvc.Muon__MdtRdoToPrepDataTool                VERBOSE adding dead tube MDT BMG eta -1 phi  7 ml 1 lay 1 tube 27
ToolSvc.Muon__MdtRdoToPrepDataTool                VERBOSE adding dead tube MDT BMG eta -1 phi  7 ml 1 lay 1 tube 28
ToolSvc.Muon__MdtRdoToPrepDataTool                VERBOSE adding dead tube MDT BMG eta -1 phi  7 ml 1 lay 1 tube 29
ToolSvc.Muon__MdtRdoToPrepDataTool                VERBOSE adding dead tube MDT BMG eta -1 phi  7 ml 1 lay 1 tube 30
ToolSvc.Muon__MdtRdoToPrepDataTool                VERBOSE adding dead tube MDT BMG eta -1 phi  7 ml 1 lay 2 tube 25
ToolSvc.Muon__MdtRdoToPrepDataTool                VERBOSE adding dead tube MDT BMG eta -1 phi  7 ml 1 lay 2 tube 26
ToolSvc.Muon__MdtRdoToPrepDataTool                VERBOSE adding dead tube MDT BMG eta -1 phi  7 ml 1 lay 2 tube 27
ToolSvc.Muon__MdtRdoToPrepDataTool                VERBOSE adding dead tube MDT BMG eta -1 phi  7 ml 1 lay 2 tube 28
ToolSvc.Muon__MdtRdoToPrepDataTool                VERBOSE adding dead tube MDT BMG eta -1 phi  7 ml 1 lay 2 tube 29
ToolSvc.Muon__MdtRdoToPrepDataTool                VERBOSE adding dead tube MDT BMG eta -1 phi  7 ml 1 lay 2 tube 30
ToolSvc.Muon__MdtRdoToPrepDataTool                VERBOSE adding dead tube MDT BMG eta -1 phi  7 ml 1 lay 2 tube 31
ToolSvc.Muon__MdtRdoToPrepDataTool                VERBOSE adding dead tube MDT BMG eta -1 phi  7 ml 1 lay 3 tube 25
ToolSvc.Muon__MdtRdoToPrepDataTool                VERBOSE adding dead tube MDT BMG eta -1 phi  7 ml 1 lay 3 tube 26
ToolSvc.Muon__MdtRdoToPrepDataTool                VERBOSE adding dead tube MDT BMG eta -1 phi  7 ml 1 lay 3 tube 27
ToolSvc.Muon__MdtRdoToPrepDataTool                VERBOSE adding dead tube MDT BMG eta -1 phi  7 ml 1 lay 3 tube 28
ToolSvc.Muon__MdtRdoToPrepDataTool                VERBOSE adding dead tube MDT BMG eta -1 phi  7 ml 1 lay 3 tube 29
ToolSvc.Muon__MdtRdoToPrepDataTool                VERBOSE adding dead tube MDT BMG eta -1 phi  7 ml 1 lay 3 tube 30
ToolSvc.Muon__MdtRdoToPrepDataTool                VERBOSE adding dead tube MDT BMG eta -1 phi  7 ml 1 lay 3 tube 31
ToolSvc.Muon__MdtRdoToPrepDataTool                VERBOSE adding dead tube MDT BMG eta -1 phi  7 ml 1 lay 4 tube 26
ToolSvc.Muon__MdtRdoToPrepDataTool                VERBOSE adding dead tube MDT BMG eta -1 phi  7 ml 1 lay 4 tube 27
ToolSvc.Muon__MdtRdoToPrepDataTool                VERBOSE adding dead tube MDT BMG eta -1 phi  7 ml 1 lay 4 tube 28
ToolSvc.Muon__MdtRdoToPrepDataTool                VERBOSE adding dead tube MDT BMG eta -1 phi  7 ml 1 lay 4 tube 29
ToolSvc.Muon__MdtRdoToPrepDataTool                VERBOSE adding dead tube MDT BMG eta -1 phi  7 ml 1 lay 4 tube 30
ToolSvc.Muon__MdtRdoToPrepDataTool                VERBOSE adding dead tube MDT BMG eta -1 phi  7 ml 1 lay 4 tube 31
ToolSvc.Muon__MdtRdoToPrepDataTool                VERBOSE adding dead tube MDT BMG eta -1 phi  7 ml 1 lay 4 tube 32
ToolSvc.Muon__MdtRdoToPrepDataTool                VERBOSE adding dead tube MDT BMG eta -1 phi  7 ml 2 lay 1 tube 30
ToolSvc.Muon__MdtRdoToPrepDataTool                VERBOSE adding dead tube MDT BMG eta -1 phi  7 ml 2 lay 1 tube 31
ToolSvc.Muon__MdtRdoToPrepDataTool                VERBOSE adding dead tube MDT BMG eta -1 phi  7 ml 2 lay 1 tube 32
ToolSvc.Muon__MdtRdoToPrepDataTool                VERBOSE adding dead tube MDT BMG eta -1 phi  7 ml 2 lay 1 tube 33
ToolSvc.Muon__MdtRdoToPrepDataTool                VERBOSE adding dead tube MDT BMG eta -1 phi  7 ml 2 lay 1 tube 34
ToolSvc.Muon__MdtRdoToPrepDataTool                VERBOSE adding dead tube MDT BMG eta -1 phi  7 ml 2 lay 1 tube 35
ToolSvc.Muon__MdtRdoToPrepDataTool                VERBOSE adding dead tube MDT BMG eta -1 phi  7 ml 2 lay 1 tube 36
ToolSvc.Muon__MdtRdoToPrepDataTool                VERBOSE adding dead tube MDT BMG eta -1 phi  7 ml 2 lay 2 tube 31
ToolSvc.Muon__MdtRdoToPrepDataTool                VERBOSE adding dead tube MDT BMG eta -1 phi  7 ml 2 lay 2 tube 32
ToolSvc.Muon__MdtRdoToPrepDataTool                VERBOSE adding dead tube MDT BMG eta -1 phi  7 ml 2 lay 2 tube 33
ToolSvc.Muon__MdtRdoToPrepDataTool                VERBOSE adding dead tube MDT BMG eta -1 phi  7 ml 2 lay 2 tube 34
ToolSvc.Muon__MdtRdoToPrepDataTool                VERBOSE adding dead tube MDT BMG eta -1 phi  7 ml 2 lay 2 tube 35
ToolSvc.Muon__MdtRdoToPrepDataTool                VERBOSE adding dead tube MDT BMG eta -1 phi  7 ml 2 lay 2 tube 36
ToolSvc.Muon__MdtRdoToPrepDataTool                VERBOSE adding dead tube MDT BMG eta -1 phi  7 ml 2 lay 2 tube 37
ToolSvc.Muon__MdtRdoToPrepDataTool                VERBOSE adding dead tube MDT BMG eta -1 phi  7 ml 2 lay 3 tube 31
ToolSvc.Muon__MdtRdoToPrepDataTool                VERBOSE adding dead tube MDT BMG eta -1 phi  7 ml 2 lay 3 tube 32
ToolSvc.Muon__MdtRdoToPrepDataTool                VERBOSE adding dead tube MDT BMG eta -1 phi  7 ml 2 lay 3 tube 33
ToolSvc.Muon__MdtRdoToPrepDataTool                VERBOSE adding dead tube MDT BMG eta -1 phi  7 ml 2 lay 3 tube 34
ToolSvc.Muon__MdtRdoToPrepDataTool                VERBOSE adding dead tube MDT BMG eta -1 phi  7 ml 2 lay 3 tube 35
ToolSvc.Muon__MdtRdoToPrepDataTool                VERBOSE adding dead tube MDT BMG eta -1 phi  7 ml 2 lay 3 tube 36
ToolSvc.Muon__MdtRdoToPrepDataTool                VERBOSE adding dead tube MDT BMG eta -1 phi  7 ml 2 lay 3 tube 37
ToolSvc.Muon__MdtRdoToPrepDataTool                VERBOSE adding dead tube MDT BMG eta -1 phi  7 ml 2 lay 4 tube 32
ToolSvc.Muon__MdtRdoToPrepDataTool                VERBOSE adding dead tube MDT BMG eta -1 phi  7 ml 2 lay 4 tube 33
ToolSvc.Muon__MdtRdoToPrepDataTool                VERBOSE adding dead tube MDT BMG eta -1 phi  7 ml 2 lay 4 tube 34
ToolSvc.Muon__MdtRdoToPrepDataTool                VERBOSE adding dead tube MDT BMG eta -1 phi  7 ml 2 lay 4 tube 35
ToolSvc.Muon__MdtRdoToPrepDataTool                VERBOSE adding dead tube MDT BMG eta -1 phi  7 ml 2 lay 4 tube 36
ToolSvc.Muon__MdtRdoToPrepDataTool                VERBOSE adding dead tube MDT BMG eta -1 phi  7 ml 2 lay 4 tube 37
ToolSvc.Muon__MdtRdoToPrepDataTool                VERBOSE adding dead tube MDT BMG eta -1 phi  7 ml 2 lay 4 tube 38
ToolSvc.Muon__MdtRdoToPrepDataTool                VERBOSE adding dead tube MDT BMG eta  1 phi  7 ml 1 lay 1 tube 25
ToolSvc.Muon__MdtRdoToPrepDataTool                VERBOSE adding dead tube MDT BMG eta  1 phi  7 ml 1 lay 1 tube 26
ToolSvc.Muon__MdtRdoToPrepDataTool                VERBOSE adding dead tube MDT BMG eta  1 phi  7 ml 1 lay 1 tube 27
ToolSvc.Muon__MdtRdoToPrepDataTool                VERBOSE adding dead tube MDT BMG eta  1 phi  7 ml 1 lay 1 tube 28
ToolSvc.Muon__MdtRdoToPrepDataTool                VERBOSE adding dead tube MDT BMG eta  1 phi  7 ml 1 lay 1 tube 29
ToolSvc.Muon__MdtRdoToPrepDataTool                VERBOSE adding dead tube MDT BMG eta  1 phi  7 ml 1 lay 1 tube 30
ToolSvc.Muon__MdtRdoToPrepDataTool                VERBOSE adding dead tube MDT BMG eta  1 phi  7 ml 1 lay 2 tube 24
ToolSvc.Muon__MdtRdoToPrepDataTool                VERBOSE adding dead tube MDT BMG eta  1 phi  7 ml 1 lay 2 tube 25
ToolSvc.Muon__MdtRdoToPrepDataTool                VERBOSE adding dead tube MDT BMG eta  1 phi  7 ml 1 lay 2 tube 26
ToolSvc.Muon__MdtRdoToPrepDataTool                VERBOSE adding dead tube MDT BMG eta  1 phi  7 ml 1 lay 2 tube 27
ToolSvc.Muon__MdtRdoToPrepDataTool                VERBOSE adding dead tube MDT BMG eta  1 phi  7 ml 1 lay 2 tube 28
ToolSvc.Muon__MdtRdoToPrepDataTool                VERBOSE adding dead tube MDT BMG eta  1 phi  7 ml 1 lay 2 tube 29
ToolSvc.Muon__MdtRdoToPrepDataTool                VERBOSE adding dead tube MDT BMG eta  1 phi  7 ml 1 lay 2 tube 30
ToolSvc.Muon__MdtRdoToPrepDataTool                VERBOSE adding dead tube MDT BMG eta  1 phi  7 ml 1 lay 3 tube 25
ToolSvc.Muon__MdtRdoToPrepDataTool                VERBOSE adding dead tube MDT BMG eta  1 phi  7 ml 1 lay 3 tube 26
ToolSvc.Muon__MdtRdoToPrepDataTool                VERBOSE adding dead tube MDT BMG eta  1 phi  7 ml 1 lay 3 tube 27
ToolSvc.Muon__MdtRdoToPrepDataTool                VERBOSE adding dead tube MDT BMG eta  1 phi  7 ml 1 lay 3 tube 28
ToolSvc.Muon__MdtRdoToPrepDataTool                VERBOSE adding dead tube MDT BMG eta  1 phi  7 ml 1 lay 3 tube 29
ToolSvc.Muon__MdtRdoToPrepDataTool                VERBOSE adding dead tube MDT BMG eta  1 phi  7 ml 1 lay 3 tube 30
ToolSvc.Muon__MdtRdoToPrepDataTool                VERBOSE adding dead tube MDT BMG eta  1 phi  7 ml 1 lay 3 tube 31
ToolSvc.Muon__MdtRdoToPrepDataTool                VERBOSE adding dead tube MDT BMG eta  1 phi  7 ml 1 lay 4 tube 25
ToolSvc.Muon__MdtRdoToPrepDataTool                VERBOSE adding dead tube MDT BMG eta  1 phi  7 ml 1 lay 4 tube 26
ToolSvc.Muon__MdtRdoToPrepDataTool                VERBOSE adding dead tube MDT BMG eta  1 phi  7 ml 1 lay 4 tube 27
ToolSvc.Muon__MdtRdoToPrepDataTool                VERBOSE adding dead tube MDT BMG eta  1 phi  7 ml 1 lay 4 tube 28
ToolSvc.Muon__MdtRdoToPrepDataTool                VERBOSE adding dead tube MDT BMG eta  1 phi  7 ml 1 lay 4 tube 29
ToolSvc.Muon__MdtRdoToPrepDataTool                VERBOSE adding dead tube MDT BMG eta  1 phi  7 ml 1 lay 4 tube 30
ToolSvc.Muon__MdtRdoToPrepDataTool                VERBOSE adding dead tube MDT BMG eta  1 phi  7 ml 1 lay 4 tube 31
ToolSvc.Muon__MdtRdoToPrepDataTool                VERBOSE adding dead tube MDT BMG eta  1 phi  7 ml 2 lay 1 tube 31
ToolSvc.Muon__MdtRdoToPrepDataTool                VERBOSE adding dead tube MDT BMG eta  1 phi  7 ml 2 lay 1 tube 32
ToolSvc.Muon__MdtRdoToPrepDataTool                VERBOSE adding dead tube MDT BMG eta  1 phi  7 ml 2 lay 1 tube 33
ToolSvc.Muon__MdtRdoToPrepDataTool                VERBOSE adding dead tube MDT BMG eta  1 phi  7 ml 2 lay 1 tube 34
ToolSvc.Muon__MdtRdoToPrepDataTool                VERBOSE adding dead tube MDT BMG eta  1 phi  7 ml 2 lay 1 tube 35
ToolSvc.Muon__MdtRdoToPrepDataTool                VERBOSE adding dead tube MDT BMG eta  1 phi  7 ml 2 lay 1 tube 36
ToolSvc.Muon__MdtRdoToPrepDataTool                VERBOSE adding dead tube MDT BMG eta  1 phi  7 ml 2 lay 1 tube 37
ToolSvc.Muon__MdtRdoToPrepDataTool                VERBOSE adding dead tube MDT BMG eta  1 phi  7 ml 2 lay 2 tube 30
ToolSvc.Muon__MdtRdoToPrepDataTool                VERBOSE adding dead tube MDT BMG eta  1 phi  7 ml 2 lay 2 tube 31
ToolSvc.Muon__MdtRdoToPrepDataTool                VERBOSE adding dead tube MDT BMG eta  1 phi  7 ml 2 lay 2 tube 32
ToolSvc.Muon__MdtRdoToPrepDataTool                VERBOSE adding dead tube MDT BMG eta  1 phi  7 ml 2 lay 2 tube 33
ToolSvc.Muon__MdtRdoToPrepDataTool                VERBOSE adding dead tube MDT BMG eta  1 phi  7 ml 2 lay 2 tube 34
ToolSvc.Muon__MdtRdoToPrepDataTool                VERBOSE adding dead tube MDT BMG eta  1 phi  7 ml 2 lay 2 tube 35
ToolSvc.Muon__MdtRdoToPrepDataTool                VERBOSE adding dead tube MDT BMG eta  1 phi  7 ml 2 lay 2 tube 36
ToolSvc.Muon__MdtRdoToPrepDataTool                VERBOSE adding dead tube MDT BMG eta  1 phi  7 ml 2 lay 2 tube 37
ToolSvc.Muon__MdtRdoToPrepDataTool                VERBOSE adding dead tube MDT BMG eta  1 phi  7 ml 2 lay 3 tube 32
ToolSvc.Muon__MdtRdoToPrepDataTool                VERBOSE adding dead tube MDT BMG eta  1 phi  7 ml 2 lay 3 tube 33
ToolSvc.Muon__MdtRdoToPrepDataTool                VERBOSE adding dead tube MDT BMG eta  1 phi  7 ml 2 lay 3 tube 34
ToolSvc.Muon__MdtRdoToPrepDataTool                VERBOSE adding dead tube MDT BMG eta  1 phi  7 ml 2 lay 3 tube 35
ToolSvc.Muon__MdtRdoToPrepDataTool                VERBOSE adding dead tube MDT BMG eta  1 phi  7 ml 2 lay 3 tube 36
ToolSvc.Muon__MdtRdoToPrepDataTool                VERBOSE adding dead tube MDT BMG eta  1 phi  7 ml 2 lay 3 tube 37
ToolSvc.Muon__MdtRdoToPrepDataTool                VERBOSE adding dead tube MDT BMG eta  1 phi  7 ml 2 lay 3 tube 38
ToolSvc.Muon__MdtRdoToPrepDataTool                VERBOSE adding dead tube MDT BMG eta  1 phi  7 ml 2 lay 4 tube 32
ToolSvc.Muon__MdtRdoToPrepDataTool                VERBOSE adding dead tube MDT BMG eta  1 phi  7 ml 2 lay 4 tube 33
ToolSvc.Muon__MdtRdoToPrepDataTool                VERBOSE adding dead tube MDT BMG eta  1 phi  7 ml 2 lay 4 tube 34
ToolSvc.Muon__MdtRdoToPrepDataTool                VERBOSE adding dead tube MDT BMG eta  1 phi  7 ml 2 lay 4 tube 35
ToolSvc.Muon__MdtRdoToPrepDataTool                VERBOSE adding dead tube MDT BMG eta  1 phi  7 ml 2 lay 4 tube 36
ToolSvc.Muon__MdtRdoToPrepDataTool                VERBOSE adding dead tube MDT BMG eta  1 phi  7 ml 2 lay 4 tube 37
ToolSvc.Muon__MdtRdoToPrepDataTool                VERBOSE adding dead tube MDT BMG eta -2 phi  7 ml 1 lay 1 tube 14
ToolSvc.Muon__MdtRdoToPrepDataTool                VERBOSE adding dead tube MDT BMG eta -2 phi  7 ml 1 lay 1 tube 15
ToolSvc.Muon__MdtRdoToPrepDataTool                VERBOSE adding dead tube MDT BMG eta -2 phi  7 ml 1 lay 1 tube 16
ToolSvc.Muon__MdtRdoToPrepDataTool                VERBOSE adding dead tube MDT BMG eta -2 phi  7 ml 1 lay 1 tube 17
ToolSvc.Muon__MdtRdoToPrepDataTool                VERBOSE adding dead tube MDT BMG eta -2 phi  7 ml 1 lay 1 tube 18
ToolSvc.Muon__MdtRdoToPrepDataTool                VERBOSE adding dead tube MDT BMG eta -2 phi  7 ml 1 lay 1 tube 19
ToolSvc.Muon__MdtRdoToPrepDataTool                VERBOSE adding dead tube MDT BMG eta -2 phi  7 ml 1 lay 1 tube 20
ToolSvc.Muon__MdtRdoToPrepDataTool                VERBOSE adding dead tube MDT BMG eta -2 phi  7 ml 1 lay 1 tube 21
ToolSvc.Muon__MdtRdoToPrepDataTool                VERBOSE adding dead tube MDT BMG eta -2 phi  7 ml 1 lay 2 tube 15
ToolSvc.Muon__MdtRdoToPrepDataTool                VERBOSE adding dead tube MDT BMG eta -2 phi  7 ml 1 lay 2 tube 16
ToolSvc.Muon__MdtRdoToPrepDataTool                VERBOSE adding dead tube MDT BMG eta -2 phi  7 ml 1 lay 2 tube 17
ToolSvc.Muon__MdtRdoToPrepDataTool                VERBOSE adding dead tube MDT BMG eta -2 phi  7 ml 1 lay 2 tube 18
ToolSvc.Muon__MdtRdoToPrepDataTool                VERBOSE adding dead tube MDT BMG eta -2 phi  7 ml 1 lay 2 tube 19
ToolSvc.Muon__MdtRdoToPrepDataTool                VERBOSE adding dead tube MDT BMG eta -2 phi  7 ml 1 lay 2 tube 20
ToolSvc.Muon__MdtRdoToPrepDataTool                VERBOSE adding dead tube MDT BMG eta -2 phi  7 ml 1 lay 2 tube 21
ToolSvc.Muon__MdtRdoToPrepDataTool                VERBOSE adding dead tube MDT BMG eta -2 phi  7 ml 1 lay 2 tube 22
ToolSvc.Muon__MdtRdoToPrepDataTool                VERBOSE adding dead tube MDT BMG eta -2 phi  7 ml 1 lay 3 tube 15
ToolSvc.Muon__MdtRdoToPrepDataTool                VERBOSE adding dead tube MDT BMG eta -2 phi  7 ml 1 lay 3 tube 16
ToolSvc.Muon__MdtRdoToPrepDataTool                VERBOSE adding dead tube MDT BMG eta -2 phi  7 ml 1 lay 3 tube 17
ToolSvc.Muon__MdtRdoToPrepDataTool                VERBOSE adding dead tube MDT BMG eta -2 phi  7 ml 1 lay 3 tube 18
ToolSvc.Muon__MdtRdoToPrepDataTool                VERBOSE adding dead tube MDT BMG eta -2 phi  7 ml 1 lay 3 tube 19
ToolSvc.Muon__MdtRdoToPrepDataTool                VERBOSE adding dead tube MDT BMG eta -2 phi  7 ml 1 lay 3 tube 20
ToolSvc.Muon__MdtRdoToPrepDataTool                VERBOSE adding dead tube MDT BMG eta -2 phi  7 ml 1 lay 3 tube 21
ToolSvc.Muon__MdtRdoToPrepDataTool                VERBOSE adding dead tube MDT BMG eta -2 phi  7 ml 1 lay 3 tube 22
ToolSvc.Muon__MdtRdoToPrepDataTool                VERBOSE adding dead tube MDT BMG eta -2 phi  7 ml 1 lay 4 tube 16
ToolSvc.Muon__MdtRdoToPrepDataTool                VERBOSE adding dead tube MDT BMG eta -2 phi  7 ml 1 lay 4 tube 17
ToolSvc.Muon__MdtRdoToPrepDataTool                VERBOSE adding dead tube MDT BMG eta -2 phi  7 ml 1 lay 4 tube 18
ToolSvc.Muon__MdtRdoToPrepDataTool                VERBOSE adding dead tube MDT BMG eta -2 phi  7 ml 1 lay 4 tube 19
ToolSvc.Muon__MdtRdoToPrepDataTool                VERBOSE adding dead tube MDT BMG eta -2 phi  7 ml 1 lay 4 tube 20
ToolSvc.Muon__MdtRdoToPrepDataTool                VERBOSE adding dead tube MDT BMG eta -2 phi  7 ml 1 lay 4 tube 21
ToolSvc.Muon__MdtRdoToPrepDataTool                VERBOSE adding dead tube MDT BMG eta -2 phi  7 ml 1 lay 4 tube 22
ToolSvc.Muon__MdtRdoToPrepDataTool                VERBOSE adding dead tube MDT BMG eta -2 phi  7 ml 1 lay 4 tube 23
ToolSvc.Muon__MdtRdoToPrepDataTool                VERBOSE adding dead tube MDT BMG eta -2 phi  7 ml 2 lay 1 tube 26
ToolSvc.Muon__MdtRdoToPrepDataTool                VERBOSE adding dead tube MDT BMG eta -2 phi  7 ml 2 lay 1 tube 27
ToolSvc.Muon__MdtRdoToPrepDataTool                VERBOSE adding dead tube MDT BMG eta -2 phi  7 ml 2 lay 1 tube 28
ToolSvc.Muon__MdtRdoToPrepDataTool                VERBOSE adding dead tube MDT BMG eta -2 phi  7 ml 2 lay 1 tube 29
ToolSvc.Muon__MdtRdoToPrepDataTool                VERBOSE adding dead tube MDT BMG eta -2 phi  7 ml 2 lay 1 tube 30
ToolSvc.Muon__MdtRdoToPrepDataTool                VERBOSE adding dead tube MDT BMG eta -2 phi  7 ml 2 lay 1 tube 31
ToolSvc.Muon__MdtRdoToPrepDataTool                VERBOSE adding dead tube MDT BMG eta -2 phi  7 ml 2 lay 1 tube 32
ToolSvc.Muon__MdtRdoToPrepDataTool                VERBOSE adding dead tube MDT BMG eta -2 phi  7 ml 2 lay 1 tube 33
ToolSvc.Muon__MdtRdoToPrepDataTool                VERBOSE adding dead tube MDT BMG eta -2 phi  7 ml 2 lay 2 tube 27
ToolSvc.Muon__MdtRdoToPrepDataTool                VERBOSE adding dead tube MDT BMG eta -2 phi  7 ml 2 lay 2 tube 28
ToolSvc.Muon__MdtRdoToPrepDataTool                VERBOSE adding dead tube MDT BMG eta -2 phi  7 ml 2 lay 2 tube 29
ToolSvc.Muon__MdtRdoToPrepDataTool                VERBOSE adding dead tube MDT BMG eta -2 phi  7 ml 2 lay 2 tube 30
ToolSvc.Muon__MdtRdoToPrepDataTool                VERBOSE adding dead tube MDT BMG eta -2 phi  7 ml 2 lay 2 tube 31
ToolSvc.Muon__MdtRdoToPrepDataTool                VERBOSE adding dead tube MDT BMG eta -2 phi  7 ml 2 lay 2 tube 32
ToolSvc.Muon__MdtRdoToPrepDataTool                VERBOSE adding dead tube MDT BMG eta -2 phi  7 ml 2 lay 2 tube 33
ToolSvc.Muon__MdtRdoToPrepDataTool                VERBOSE adding dead tube MDT BMG eta -2 phi  7 ml 2 lay 2 tube 34
ToolSvc.Muon__MdtRdoToPrepDataTool                VERBOSE adding dead tube MDT BMG eta -2 phi  7 ml 2 lay 3 tube 27
ToolSvc.Muon__MdtRdoToPrepDataTool                VERBOSE adding dead tube MDT BMG eta -2 phi  7 ml 2 lay 3 tube 28
ToolSvc.Muon__MdtRdoToPrepDataTool                VERBOSE adding dead tube MDT BMG eta -2 phi  7 ml 2 lay 3 tube 29
ToolSvc.Muon__MdtRdoToPrepDataTool                VERBOSE adding dead tube MDT BMG eta -2 phi  7 ml 2 lay 3 tube 30
ToolSvc.Muon__MdtRdoToPrepDataTool                VERBOSE adding dead tube MDT BMG eta -2 phi  7 ml 2 lay 3 tube 31
ToolSvc.Muon__MdtRdoToPrepDataTool                VERBOSE adding dead tube MDT BMG eta -2 phi  7 ml 2 lay 3 tube 32
ToolSvc.Muon__MdtRdoToPrepDataTool                VERBOSE adding dead tube MDT BMG eta -2 phi  7 ml 2 lay 3 tube 33
ToolSvc.Muon__MdtRdoToPrepDataTool                VERBOSE adding dead tube MDT BMG eta -2 phi  7 ml 2 lay 3 tube 34
ToolSvc.Muon__MdtRdoToPrepDataTool                VERBOSE adding dead tube MDT BMG eta -2 phi  7 ml 2 lay 4 tube 28
ToolSvc.Muon__MdtRdoToPrepDataTool                VERBOSE adding dead tube MDT BMG eta -2 phi  7 ml 2 lay 4 tube 29
ToolSvc.Muon__MdtRdoToPrepDataTool                VERBOSE adding dead tube MDT BMG eta -2 phi  7 ml 2 lay 4 tube 30
ToolSvc.Muon__MdtRdoToPrepDataTool                VERBOSE adding dead tube MDT BMG eta -2 phi  7 ml 2 lay 4 tube 31
ToolSvc.Muon__MdtRdoToPrepDataTool                VERBOSE adding dead tube MDT BMG eta -2 phi  7 ml 2 lay 4 tube 32
ToolSvc.Muon__MdtRdoToPrepDataTool                VERBOSE adding dead tube MDT BMG eta -2 phi  7 ml 2 lay 4 tube 33
ToolSvc.Muon__MdtRdoToPrepDataTool                VERBOSE adding dead tube MDT BMG eta -2 phi  7 ml 2 lay 4 tube 34
ToolSvc.Muon__MdtRdoToPrepDataTool                VERBOSE adding dead tube MDT BMG eta -2 phi  7 ml 2 lay 4 tube 35
ToolSvc.Muon__MdtRdoToPrepDataTool                VERBOSE adding dead tube MDT BMG eta  2 phi  7 ml 1 lay 1 tube 14
ToolSvc.Muon__MdtRdoToPrepDataTool                VERBOSE adding dead tube MDT BMG eta  2 phi  7 ml 1 lay 1 tube 15
ToolSvc.Muon__MdtRdoToPrepDataTool                VERBOSE adding dead tube MDT BMG eta  2 phi  7 ml 1 lay 1 tube 16
ToolSvc.Muon__MdtRdoToPrepDataTool                VERBOSE adding dead tube MDT BMG eta  2 phi  7 ml 1 lay 1 tube 17
ToolSvc.Muon__MdtRdoToPrepDataTool                VERBOSE adding dead tube MDT BMG eta  2 phi  7 ml 1 lay 1 tube 18
ToolSvc.Muon__MdtRdoToPrepDataTool                VERBOSE adding dead tube MDT BMG eta  2 phi  7 ml 1 lay 1 tube 19
ToolSvc.Muon__MdtRdoToPrepDataTool                VERBOSE adding dead tube MDT BMG eta  2 phi  7 ml 1 lay 1 tube 20
ToolSvc.Muon__MdtRdoToPrepDataTool                VERBOSE adding dead tube MDT BMG eta  2 phi  7 ml 1 lay 1 tube 21
ToolSvc.Muon__MdtRdoToPrepDataTool                VERBOSE adding dead tube MDT BMG eta  2 phi  7 ml 1 lay 2 tube 14
ToolSvc.Muon__MdtRdoToPrepDataTool                VERBOSE adding dead tube MDT BMG eta  2 phi  7 ml 1 lay 2 tube 15
ToolSvc.Muon__MdtRdoToPrepDataTool                VERBOSE adding dead tube MDT BMG eta  2 phi  7 ml 1 lay 2 tube 16
ToolSvc.Muon__MdtRdoToPrepDataTool                VERBOSE adding dead tube MDT BMG eta  2 phi  7 ml 1 lay 2 tube 17
ToolSvc.Muon__MdtRdoToPrepDataTool                VERBOSE adding dead tube MDT BMG eta  2 phi  7 ml 1 lay 2 tube 18
ToolSvc.Muon__MdtRdoToPrepDataTool                VERBOSE adding dead tube MDT BMG eta  2 phi  7 ml 1 lay 2 tube 19
ToolSvc.Muon__MdtRdoToPrepDataTool                VERBOSE adding dead tube MDT BMG eta  2 phi  7 ml 1 lay 2 tube 20
ToolSvc.Muon__MdtRdoToPrepDataTool                VERBOSE adding dead tube MDT BMG eta  2 phi  7 ml 1 lay 2 tube 21
ToolSvc.Muon__MdtRdoToPrepDataTool                VERBOSE adding dead tube MDT BMG eta  2 phi  7 ml 1 lay 3 tube 15
ToolSvc.Muon__MdtRdoToPrepDataTool                VERBOSE adding dead tube MDT BMG eta  2 phi  7 ml 1 lay 3 tube 16
ToolSvc.Muon__MdtRdoToPrepDataTool                VERBOSE adding dead tube MDT BMG eta  2 phi  7 ml 1 lay 3 tube 17
ToolSvc.Muon__MdtRdoToPrepDataTool                VERBOSE adding dead tube MDT BMG eta  2 phi  7 ml 1 lay 3 tube 18
ToolSvc.Muon__MdtRdoToPrepDataTool                VERBOSE adding dead tube MDT BMG eta  2 phi  7 ml 1 lay 3 tube 19
ToolSvc.Muon__MdtRdoToPrepDataTool                VERBOSE adding dead tube MDT BMG eta  2 phi  7 ml 1 lay 3 tube 20
ToolSvc.Muon__MdtRdoToPrepDataTool                VERBOSE adding dead tube MDT BMG eta  2 phi  7 ml 1 lay 3 tube 21
ToolSvc.Muon__MdtRdoToPrepDataTool                VERBOSE adding dead tube MDT BMG eta  2 phi  7 ml 1 lay 3 tube 22
ToolSvc.Muon__MdtRdoToPrepDataTool                VERBOSE adding dead tube MDT BMG eta  2 phi  7 ml 1 lay 3 tube 23
ToolSvc.Muon__MdtRdoToPrepDataTool                VERBOSE adding dead tube MDT BMG eta  2 phi  7 ml 1 lay 4 tube 16
ToolSvc.Muon__MdtRdoToPrepDataTool                VERBOSE adding dead tube MDT BMG eta  2 phi  7 ml 1 lay 4 tube 17
ToolSvc.Muon__MdtRdoToPrepDataTool                VERBOSE adding dead tube MDT BMG eta  2 phi  7 ml 1 lay 4 tube 18
ToolSvc.Muon__MdtRdoToPrepDataTool                VERBOSE adding dead tube MDT BMG eta  2 phi  7 ml 1 lay 4 tube 19
ToolSvc.Muon__MdtRdoToPrepDataTool                VERBOSE adding dead tube MDT BMG eta  2 phi  7 ml 1 lay 4 tube 20
ToolSvc.Muon__MdtRdoToPrepDataTool                VERBOSE adding dead tube MDT BMG eta  2 phi  7 ml 1 lay 4 tube 21
ToolSvc.Muon__MdtRdoToPrepDataTool                VERBOSE adding dead tube MDT BMG eta  2 phi  7 ml 1 lay 4 tube 22
ToolSvc.Muon__MdtRdoToPrepDataTool                VERBOSE adding dead tube MDT BMG eta  2 phi  7 ml 1 lay 4 tube 23
ToolSvc.Muon__MdtRdoToPrepDataTool                VERBOSE adding dead tube MDT BMG eta  2 phi  7 ml 2 lay 1 tube 26
ToolSvc.Muon__MdtRdoToPrepDataTool                VERBOSE adding dead tube MDT BMG eta  2 phi  7 ml 2 lay 1 tube 27
ToolSvc.Muon__MdtRdoToPrepDataTool                VERBOSE adding dead tube MDT BMG eta  2 phi  7 ml 2 lay 1 tube 28
ToolSvc.Muon__MdtRdoToPrepDataTool                VERBOSE adding dead tube MDT BMG eta  2 phi  7 ml 2 lay 1 tube 29
ToolSvc.Muon__MdtRdoToPrepDataTool                VERBOSE adding dead tube MDT BMG eta  2 phi  7 ml 2 lay 1 tube 30
ToolSvc.Muon__MdtRdoToPrepDataTool                VERBOSE adding dead tube MDT BMG eta  2 phi  7 ml 2 lay 1 tube 31
ToolSvc.Muon__MdtRdoToPrepDataTool                VERBOSE adding dead tube MDT BMG eta  2 phi  7 ml 2 lay 1 tube 32
ToolSvc.Muon__MdtRdoToPrepDataTool                VERBOSE adding dead tube MDT BMG eta  2 phi  7 ml 2 lay 1 tube 33
ToolSvc.Muon__MdtRdoToPrepDataTool                VERBOSE adding dead tube MDT BMG eta  2 phi  7 ml 2 lay 2 tube 26
ToolSvc.Muon__MdtRdoToPrepDataTool                VERBOSE adding dead tube MDT BMG eta  2 phi  7 ml 2 lay 2 tube 27
ToolSvc.Muon__MdtRdoToPrepDataTool                VERBOSE adding dead tube MDT BMG eta  2 phi  7 ml 2 lay 2 tube 28
ToolSvc.Muon__MdtRdoToPrepDataTool                VERBOSE adding dead tube MDT BMG eta  2 phi  7 ml 2 lay 2 tube 29
ToolSvc.Muon__MdtRdoToPrepDataTool                VERBOSE adding dead tube MDT BMG eta  2 phi  7 ml 2 lay 2 tube 30
ToolSvc.Muon__MdtRdoToPrepDataTool                VERBOSE adding dead tube MDT BMG eta  2 phi  7 ml 2 lay 2 tube 31
ToolSvc.Muon__MdtRdoToPrepDataTool                VERBOSE adding dead tube MDT BMG eta  2 phi  7 ml 2 lay 2 tube 32
ToolSvc.Muon__MdtRdoToPrepDataTool                VERBOSE adding dead tube MDT BMG eta  2 phi  7 ml 2 lay 2 tube 33
ToolSvc.Muon__MdtRdoToPrepDataTool                VERBOSE adding dead tube MDT BMG eta  2 phi  7 ml 2 lay 3 tube 28
ToolSvc.Muon__MdtRdoToPrepDataTool                VERBOSE adding dead tube MDT BMG eta  2 phi  7 ml 2 lay 3 tube 29
ToolSvc.Muon__MdtRdoToPrepDataTool                VERBOSE adding dead tube MDT BMG eta  2 phi  7 ml 2 lay 3 tube 30
ToolSvc.Muon__MdtRdoToPrepDataTool                VERBOSE adding dead tube MDT BMG eta  2 phi  7 ml 2 lay 3 tube 31
ToolSvc.Muon__MdtRdoToPrepDataTool                VERBOSE adding dead tube MDT BMG eta  2 phi  7 ml 2 lay 3 tube 32
ToolSvc.Muon__MdtRdoToPrepDataTool                VERBOSE adding dead tube MDT BMG eta  2 phi  7 ml 2 lay 3 tube 33
ToolSvc.Muon__MdtRdoToPrepDataTool                VERBOSE adding dead tube MDT BMG eta  2 phi  7 ml 2 lay 3 tube 34
ToolSvc.Muon__MdtRdoToPrepDataTool                VERBOSE adding dead tube MDT BMG eta  2 phi  7 ml 2 lay 3 tube 35
ToolSvc.Muon__MdtRdoToPrepDataTool                VERBOSE adding dead tube MDT BMG eta  2 phi  7 ml 2 lay 4 tube 28
ToolSvc.Muon__MdtRdoToPrepDataTool                VERBOSE adding dead tube MDT BMG eta  2 phi  7 ml 2 lay 4 tube 29
ToolSvc.Muon__MdtRdoToPrepDataTool                VERBOSE adding dead tube MDT BMG eta  2 phi  7 ml 2 lay 4 tube 30
ToolSvc.Muon__MdtRdoToPrepDataTool                VERBOSE adding dead tube MDT BMG eta  2 phi  7 ml 2 lay 4 tube 31
ToolSvc.Muon__MdtRdoToPrepDataTool                VERBOSE adding dead tube MDT BMG eta  2 phi  7 ml 2 lay 4 tube 32
ToolSvc.Muon__MdtRdoToPrepDataTool                VERBOSE adding dead tube MDT BMG eta  2 phi  7 ml 2 lay 4 tube 33
ToolSvc.Muon__MdtRdoToPrepDataTool                VERBOSE adding dead tube MDT BMG eta  2 phi  7 ml 2 lay 4 tube 34
ToolSvc.Muon__MdtRdoToPrepDataTool                VERBOSE adding dead tube MDT BMG eta  2 phi  7 ml 2 lay 4 tube 35
ToolSvc.Muon__MdtRdoToPrepDataTool                VERBOSE adding dead tube MDT BMG eta -3 phi  7 ml 1 lay 1 tube 19
ToolSvc.Muon__MdtRdoToPrepDataTool                VERBOSE adding dead tube MDT BMG eta -3 phi  7 ml 1 lay 1 tube 20
ToolSvc.Muon__MdtRdoToPrepDataTool                VERBOSE adding dead tube MDT BMG eta -3 phi  7 ml 1 lay 1 tube 21
ToolSvc.Muon__MdtRdoToPrepDataTool                VERBOSE adding dead tube MDT BMG eta -3 phi  7 ml 1 lay 1 tube 22
ToolSvc.Muon__MdtRdoToPrepDataTool                VERBOSE adding dead tube MDT BMG eta -3 phi  7 ml 1 lay 1 tube 23
ToolSvc.Muon__MdtRdoToPrepDataTool                VERBOSE adding dead tube MDT BMG eta -3 phi  7 ml 1 lay 1 tube 24
ToolSvc.Muon__MdtRdoToPrepDataTool                VERBOSE adding dead tube MDT BMG eta -3 phi  7 ml 1 lay 1 tube 25
ToolSvc.Muon__MdtRdoToPrepDataTool                VERBOSE adding dead tube MDT BMG eta -3 phi  7 ml 1 lay 1 tube 26
ToolSvc.Muon__MdtRdoToPrepDataTool                VERBOSE adding dead tube MDT BMG eta -3 phi  7 ml 1 lay 1 tube 27
ToolSvc.Muon__MdtRdoToPrepDataTool                VERBOSE adding dead tube MDT BMG eta -3 phi  7 ml 1 lay 1 tube 28
ToolSvc.Muon__MdtRdoToPrepDataTool                VERBOSE adding dead tube MDT BMG eta -3 phi  7 ml 1 lay 2 tube 21
ToolSvc.Muon__MdtRdoToPrepDataTool                VERBOSE adding dead tube MDT BMG eta -3 phi  7 ml 1 lay 2 tube 22
ToolSvc.Muon__MdtRdoToPrepDataTool                VERBOSE adding dead tube MDT BMG eta -3 phi  7 ml 1 lay 2 tube 23
ToolSvc.Muon__MdtRdoToPrepDataTool                VERBOSE adding dead tube MDT BMG eta -3 phi  7 ml 1 lay 2 tube 24
ToolSvc.Muon__MdtRdoToPrepDataTool                VERBOSE adding dead tube MDT BMG eta -3 phi  7 ml 1 lay 2 tube 25
ToolSvc.Muon__MdtRdoToPrepDataTool                VERBOSE adding dead tube MDT BMG eta -3 phi  7 ml 1 lay 2 tube 26
ToolSvc.Muon__MdtRdoToPrepDataTool                VERBOSE adding dead tube MDT BMG eta -3 phi  7 ml 1 lay 2 tube 27
ToolSvc.Muon__MdtRdoToPrepDataTool                VERBOSE adding dead tube MDT BMG eta -3 phi  7 ml 1 lay 2 tube 28
ToolSvc.Muon__MdtRdoToPrepDataTool                VERBOSE adding dead tube MDT BMG eta -3 phi  7 ml 1 lay 2 tube 29
ToolSvc.Muon__MdtRdoToPrepDataTool                VERBOSE adding dead tube MDT BMG eta -3 phi  7 ml 1 lay 2 tube 30
ToolSvc.Muon__MdtRdoToPrepDataTool                VERBOSE adding dead tube MDT BMG eta -3 phi  7 ml 1 lay 3 tube 21
ToolSvc.Muon__MdtRdoToPrepDataTool                VERBOSE adding dead tube MDT BMG eta -3 phi  7 ml 1 lay 3 tube 22
ToolSvc.Muon__MdtRdoToPrepDataTool                VERBOSE adding dead tube MDT BMG eta -3 phi  7 ml 1 lay 3 tube 23
ToolSvc.Muon__MdtRdoToPrepDataTool                VERBOSE adding dead tube MDT BMG eta -3 phi  7 ml 1 lay 3 tube 24
ToolSvc.Muon__MdtRdoToPrepDataTool                VERBOSE adding dead tube MDT BMG eta -3 phi  7 ml 1 lay 3 tube 25
ToolSvc.Muon__MdtRdoToPrepDataTool                VERBOSE adding dead tube MDT BMG eta -3 phi  7 ml 1 lay 3 tube 26
ToolSvc.Muon__MdtRdoToPrepDataTool                VERBOSE adding dead tube MDT BMG eta -3 phi  7 ml 1 lay 3 tube 27
ToolSvc.Muon__MdtRdoToPrepDataTool                VERBOSE adding dead tube MDT BMG eta -3 phi  7 ml 1 lay 3 tube 28
ToolSvc.Muon__MdtRdoToPrepDataTool                VERBOSE adding dead tube MDT BMG eta -3 phi  7 ml 1 lay 3 tube 29
ToolSvc.Muon__MdtRdoToPrepDataTool                VERBOSE adding dead tube MDT BMG eta -3 phi  7 ml 1 lay 3 tube 30
ToolSvc.Muon__MdtRdoToPrepDataTool                VERBOSE adding dead tube MDT BMG eta -3 phi  7 ml 1 lay 4 tube 23
ToolSvc.Muon__MdtRdoToPrepDataTool                VERBOSE adding dead tube MDT BMG eta -3 phi  7 ml 1 lay 4 tube 24
ToolSvc.Muon__MdtRdoToPrepDataTool                VERBOSE adding dead tube MDT BMG eta -3 phi  7 ml 1 lay 4 tube 25
ToolSvc.Muon__MdtRdoToPrepDataTool                VERBOSE adding dead tube MDT BMG eta -3 phi  7 ml 1 lay 4 tube 26
ToolSvc.Muon__MdtRdoToPrepDataTool                VERBOSE adding dead tube MDT BMG eta -3 phi  7 ml 1 lay 4 tube 27
ToolSvc.Muon__MdtRdoToPrepDataTool                VERBOSE adding dead tube MDT BMG eta -3 phi  7 ml 1 lay 4 tube 28
ToolSvc.Muon__MdtRdoToPrepDataTool                VERBOSE adding dead tube MDT BMG eta -3 phi  7 ml 1 lay 4 tube 29
ToolSvc.Muon__MdtRdoToPrepDataTool                VERBOSE adding dead tube MDT BMG eta -3 phi  7 ml 1 lay 4 tube 30
ToolSvc.Muon__MdtRdoToPrepDataTool                VERBOSE adding dead tube MDT BMG eta -3 phi  7 ml 1 lay 4 tube 31
ToolSvc.Muon__MdtRdoToPrepDataTool                VERBOSE adding dead tube MDT BMG eta -3 phi  7 ml 1 lay 4 tube 32
ToolSvc.Muon__MdtRdoToPrepDataTool                VERBOSE adding dead tube MDT BMG eta -3 phi  7 ml 2 lay 1 tube 37
ToolSvc.Muon__MdtRdoToPrepDataTool                VERBOSE adding dead tube MDT BMG eta -3 phi  7 ml 2 lay 1 tube 38
ToolSvc.Muon__MdtRdoToPrepDataTool                VERBOSE adding dead tube MDT BMG eta -3 phi  7 ml 2 lay 1 tube 39
ToolSvc.Muon__MdtRdoToPrepDataTool                VERBOSE adding dead tube MDT BMG eta -3 phi  7 ml 2 lay 1 tube 40
ToolSvc.Muon__MdtRdoToPrepDataTool                VERBOSE adding dead tube MDT BMG eta -3 phi  7 ml 2 lay 1 tube 41
ToolSvc.Muon__MdtRdoToPrepDataTool                VERBOSE adding dead tube MDT BMG eta -3 phi  7 ml 2 lay 1 tube 42
ToolSvc.Muon__MdtRdoToPrepDataTool                VERBOSE adding dead tube MDT BMG eta -3 phi  7 ml 2 lay 1 tube 43
ToolSvc.Muon__MdtRdoToPrepDataTool                VERBOSE adding dead tube MDT BMG eta -3 phi  7 ml 2 lay 1 tube 44
ToolSvc.Muon__MdtRdoToPrepDataTool                VERBOSE adding dead tube MDT BMG eta -3 phi  7 ml 2 lay 1 tube 45
ToolSvc.Muon__MdtRdoToPrepDataTool                VERBOSE adding dead tube MDT BMG eta -3 phi  7 ml 2 lay 2 tube 38
ToolSvc.Muon__MdtRdoToPrepDataTool                VERBOSE adding dead tube MDT BMG eta -3 phi  7 ml 2 lay 2 tube 39
ToolSvc.Muon__MdtRdoToPrepDataTool                VERBOSE adding dead tube MDT BMG eta -3 phi  7 ml 2 lay 2 tube 40
ToolSvc.Muon__MdtRdoToPrepDataTool                VERBOSE adding dead tube MDT BMG eta -3 phi  7 ml 2 lay 2 tube 41
ToolSvc.Muon__MdtRdoToPrepDataTool                VERBOSE adding dead tube MDT BMG eta -3 phi  7 ml 2 lay 2 tube 42
ToolSvc.Muon__MdtRdoToPrepDataTool                VERBOSE adding dead tube MDT BMG eta -3 phi  7 ml 2 lay 2 tube 43
ToolSvc.Muon__MdtRdoToPrepDataTool                VERBOSE adding dead tube MDT BMG eta -3 phi  7 ml 2 lay 2 tube 44
ToolSvc.Muon__MdtRdoToPrepDataTool                VERBOSE adding dead tube MDT BMG eta -3 phi  7 ml 2 lay 2 tube 45
ToolSvc.Muon__MdtRdoToPrepDataTool                VERBOSE adding dead tube MDT BMG eta -3 phi  7 ml 2 lay 2 tube 46
ToolSvc.Muon__MdtRdoToPrepDataTool                VERBOSE adding dead tube MDT BMG eta -3 phi  7 ml 2 lay 2 tube 47
ToolSvc.Muon__MdtRdoToPrepDataTool                VERBOSE adding dead tube MDT BMG eta -3 phi  7 ml 2 lay 3 tube 39
ToolSvc.Muon__MdtRdoToPrepDataTool                VERBOSE adding dead tube MDT BMG eta -3 phi  7 ml 2 lay 3 tube 40
ToolSvc.Muon__MdtRdoToPrepDataTool                VERBOSE adding dead tube MDT BMG eta -3 phi  7 ml 2 lay 3 tube 41
ToolSvc.Muon__MdtRdoToPrepDataTool                VERBOSE adding dead tube MDT BMG eta -3 phi  7 ml 2 lay 3 tube 42
ToolSvc.Muon__MdtRdoToPrepDataTool                VERBOSE adding dead tube MDT BMG eta -3 phi  7 ml 2 lay 3 tube 43
ToolSvc.Muon__MdtRdoToPrepDataTool                VERBOSE adding dead tube MDT BMG eta -3 phi  7 ml 2 lay 3 tube 44
ToolSvc.Muon__MdtRdoToPrepDataTool                VERBOSE adding dead tube MDT BMG eta -3 phi  7 ml 2 lay 3 tube 45
ToolSvc.Muon__MdtRdoToPrepDataTool                VERBOSE adding dead tube MDT BMG eta -3 phi  7 ml 2 lay 3 tube 46
ToolSvc.Muon__MdtRdoToPrepDataTool                VERBOSE adding dead tube MDT BMG eta -3 phi  7 ml 2 lay 3 tube 47
ToolSvc.Muon__MdtRdoToPrepDataTool                VERBOSE adding dead tube MDT BMG eta -3 phi  7 ml 2 lay 4 tube 40
ToolSvc.Muon__MdtRdoToPrepDataTool                VERBOSE adding dead tube MDT BMG eta -3 phi  7 ml 2 lay 4 tube 41
ToolSvc.Muon__MdtRdoToPrepDataTool                VERBOSE adding dead tube MDT BMG eta -3 phi  7 ml 2 lay 4 tube 42
ToolSvc.Muon__MdtRdoToPrepDataTool                VERBOSE adding dead tube MDT BMG eta -3 phi  7 ml 2 lay 4 tube 43
ToolSvc.Muon__MdtRdoToPrepDataTool                VERBOSE adding dead tube MDT BMG eta -3 phi  7 ml 2 lay 4 tube 44
ToolSvc.Muon__MdtRdoToPrepDataTool                VERBOSE adding dead tube MDT BMG eta -3 phi  7 ml 2 lay 4 tube 45
ToolSvc.Muon__MdtRdoToPrepDataTool                VERBOSE adding dead tube MDT BMG eta -3 phi  7 ml 2 lay 4 tube 46
ToolSvc.Muon__MdtRdoToPrepDataTool                VERBOSE adding dead tube MDT BMG eta -3 phi  7 ml 2 lay 4 tube 47
ToolSvc.Muon__MdtRdoToPrepDataTool                VERBOSE adding dead tube MDT BMG eta -3 phi  7 ml 2 lay 4 tube 48
ToolSvc.Muon__MdtRdoToPrepDataTool                VERBOSE adding dead tube MDT BMG eta -3 phi  7 ml 2 lay 4 tube 49
ToolSvc.Muon__MdtRdoToPrepDataTool                VERBOSE adding dead tube MDT BMG eta  3 phi  7 ml 1 lay 1 tube 20
ToolSvc.Muon__MdtRdoToPrepDataTool                VERBOSE adding dead tube MDT BMG eta  3 phi  7 ml 1 lay 1 tube 21
ToolSvc.Muon__MdtRdoToPrepDataTool                VERBOSE adding dead tube MDT BMG eta  3 phi  7 ml 1 lay 1 tube 22
ToolSvc.Muon__MdtRdoToPrepDataTool                VERBOSE adding dead tube MDT BMG eta  3 phi  7 ml 1 lay 1 tube 23
ToolSvc.Muon__MdtRdoToPrepDataTool                VERBOSE adding dead tube MDT BMG eta  3 phi  7 ml 1 lay 1 tube 24
ToolSvc.Muon__MdtRdoToPrepDataTool                VERBOSE adding dead tube MDT BMG eta  3 phi  7 ml 1 lay 1 tube 25
ToolSvc.Muon__MdtRdoToPrepDataTool                VERBOSE adding dead tube MDT BMG eta  3 phi  7 ml 1 lay 1 tube 26
ToolSvc.Muon__MdtRdoToPrepDataTool                VERBOSE adding dead tube MDT BMG eta  3 phi  7 ml 1 lay 1 tube 27
ToolSvc.Muon__MdtRdoToPrepDataTool                VERBOSE adding dead tube MDT BMG eta  3 phi  7 ml 1 lay 1 tube 28
ToolSvc.Muon__MdtRdoToPrepDataTool                VERBOSE adding dead tube MDT BMG eta  3 phi  7 ml 1 lay 2 tube 20
ToolSvc.Muon__MdtRdoToPrepDataTool                VERBOSE adding dead tube MDT BMG eta  3 phi  7 ml 1 lay 2 tube 21
ToolSvc.Muon__MdtRdoToPrepDataTool                VERBOSE adding dead tube MDT BMG eta  3 phi  7 ml 1 lay 2 tube 22
ToolSvc.Muon__MdtRdoToPrepDataTool                VERBOSE adding dead tube MDT BMG eta  3 phi  7 ml 1 lay 2 tube 23
ToolSvc.Muon__MdtRdoToPrepDataTool                VERBOSE adding dead tube MDT BMG eta  3 phi  7 ml 1 lay 2 tube 24
ToolSvc.Muon__MdtRdoToPrepDataTool                VERBOSE adding dead tube MDT BMG eta  3 phi  7 ml 1 lay 2 tube 25
ToolSvc.Muon__MdtRdoToPrepDataTool                VERBOSE adding dead tube MDT BMG eta  3 phi  7 ml 1 lay 2 tube 26
ToolSvc.Muon__MdtRdoToPrepDataTool                VERBOSE adding dead tube MDT BMG eta  3 phi  7 ml 1 lay 2 tube 27
ToolSvc.Muon__MdtRdoToPrepDataTool                VERBOSE adding dead tube MDT BMG eta  3 phi  7 ml 1 lay 2 tube 28
ToolSvc.Muon__MdtRdoToPrepDataTool                VERBOSE adding dead tube MDT BMG eta  3 phi  7 ml 1 lay 2 tube 29
ToolSvc.Muon__MdtRdoToPrepDataTool                VERBOSE adding dead tube MDT BMG eta  3 phi  7 ml 1 lay 3 tube 22
ToolSvc.Muon__MdtRdoToPrepDataTool                VERBOSE adding dead tube MDT BMG eta  3 phi  7 ml 1 lay 3 tube 23
ToolSvc.Muon__MdtRdoToPrepDataTool                VERBOSE adding dead tube MDT BMG eta  3 phi  7 ml 1 lay 3 tube 24
ToolSvc.Muon__MdtRdoToPrepDataTool                VERBOSE adding dead tube MDT BMG eta  3 phi  7 ml 1 lay 3 tube 25
ToolSvc.Muon__MdtRdoToPrepDataTool                VERBOSE adding dead tube MDT BMG eta  3 phi  7 ml 1 lay 3 tube 26
ToolSvc.Muon__MdtRdoToPrepDataTool                VERBOSE adding dead tube MDT BMG eta  3 phi  7 ml 1 lay 3 tube 27
ToolSvc.Muon__MdtRdoToPrepDataTool                VERBOSE adding dead tube MDT BMG eta  3 phi  7 ml 1 lay 3 tube 28
ToolSvc.Muon__MdtRdoToPrepDataTool                VERBOSE adding dead tube MDT BMG eta  3 phi  7 ml 1 lay 3 tube 29
ToolSvc.Muon__MdtRdoToPrepDataTool                VERBOSE adding dead tube MDT BMG eta  3 phi  7 ml 1 lay 3 tube 30
ToolSvc.Muon__MdtRdoToPrepDataTool                VERBOSE adding dead tube MDT BMG eta  3 phi  7 ml 1 lay 4 tube 22
ToolSvc.Muon__MdtRdoToPrepDataTool                VERBOSE adding dead tube MDT BMG eta  3 phi  7 ml 1 lay 4 tube 23
ToolSvc.Muon__MdtRdoToPrepDataTool                VERBOSE adding dead tube MDT BMG eta  3 phi  7 ml 1 lay 4 tube 24
ToolSvc.Muon__MdtRdoToPrepDataTool                VERBOSE adding dead tube MDT BMG eta  3 phi  7 ml 1 lay 4 tube 25
ToolSvc.Muon__MdtRdoToPrepDataTool                VERBOSE adding dead tube MDT BMG eta  3 phi  7 ml 1 lay 4 tube 26
ToolSvc.Muon__MdtRdoToPrepDataTool                VERBOSE adding dead tube MDT BMG eta  3 phi  7 ml 1 lay 4 tube 27
ToolSvc.Muon__MdtRdoToPrepDataTool                VERBOSE adding dead tube MDT BMG eta  3 phi  7 ml 1 lay 4 tube 28
ToolSvc.Muon__MdtRdoToPrepDataTool                VERBOSE adding dead tube MDT BMG eta  3 phi  7 ml 1 lay 4 tube 29
ToolSvc.Muon__MdtRdoToPrepDataTool                VERBOSE adding dead tube MDT BMG eta  3 phi  7 ml 1 lay 4 tube 30
ToolSvc.Muon__MdtRdoToPrepDataTool                VERBOSE adding dead tube MDT BMG eta  3 phi  7 ml 1 lay 4 tube 31
ToolSvc.Muon__MdtRdoToPrepDataTool                VERBOSE adding dead tube MDT BMG eta  3 phi  7 ml 2 lay 1 tube 37
ToolSvc.Muon__MdtRdoToPrepDataTool                VERBOSE adding dead tube MDT BMG eta  3 phi  7 ml 2 lay 1 tube 38
ToolSvc.Muon__MdtRdoToPrepDataTool                VERBOSE adding dead tube MDT BMG eta  3 phi  7 ml 2 lay 1 tube 39
ToolSvc.Muon__MdtRdoToPrepDataTool                VERBOSE adding dead tube MDT BMG eta  3 phi  7 ml 2 lay 1 tube 40
ToolSvc.Muon__MdtRdoToPrepDataTool                VERBOSE adding dead tube MDT BMG eta  3 phi  7 ml 2 lay 1 tube 41
ToolSvc.Muon__MdtRdoToPrepDataTool                VERBOSE adding dead tube MDT BMG eta  3 phi  7 ml 2 lay 1 tube 42
ToolSvc.Muon__MdtRdoToPrepDataTool                VERBOSE adding dead tube MDT BMG eta  3 phi  7 ml 2 lay 1 tube 43
ToolSvc.Muon__MdtRdoToPrepDataTool                VERBOSE adding dead tube MDT BMG eta  3 phi  7 ml 2 lay 1 tube 44
ToolSvc.Muon__MdtRdoToPrepDataTool                VERBOSE adding dead tube MDT BMG eta  3 phi  7 ml 2 lay 1 tube 45
ToolSvc.Muon__MdtRdoToPrepDataTool                VERBOSE adding dead tube MDT BMG eta  3 phi  7 ml 2 lay 1 tube 46
ToolSvc.Muon__MdtRdoToPrepDataTool                VERBOSE adding dead tube MDT BMG eta  3 phi  7 ml 2 lay 2 tube 38
ToolSvc.Muon__MdtRdoToPrepDataTool                VERBOSE adding dead tube MDT BMG eta  3 phi  7 ml 2 lay 2 tube 39
ToolSvc.Muon__MdtRdoToPrepDataTool                VERBOSE adding dead tube MDT BMG eta  3 phi  7 ml 2 lay 2 tube 40
ToolSvc.Muon__MdtRdoToPrepDataTool                VERBOSE adding dead tube MDT BMG eta  3 phi  7 ml 2 lay 2 tube 41
ToolSvc.Muon__MdtRdoToPrepDataTool                VERBOSE adding dead tube MDT BMG eta  3 phi  7 ml 2 lay 2 tube 42
ToolSvc.Muon__MdtRdoToPrepDataTool                VERBOSE adding dead tube MDT BMG eta  3 phi  7 ml 2 lay 2 tube 43
ToolSvc.Muon__MdtRdoToPrepDataTool                VERBOSE adding dead tube MDT BMG eta  3 phi  7 ml 2 lay 2 tube 44
ToolSvc.Muon__MdtRdoToPrepDataTool                VERBOSE adding dead tube MDT BMG eta  3 phi  7 ml 2 lay 2 tube 45
ToolSvc.Muon__MdtRdoToPrepDataTool                VERBOSE adding dead tube MDT BMG eta  3 phi  7 ml 2 lay 2 tube 46
ToolSvc.Muon__MdtRdoToPrepDataTool                VERBOSE adding dead tube MDT BMG eta  3 phi  7 ml 2 lay 3 tube 39
ToolSvc.Muon__MdtRdoToPrepDataTool                VERBOSE adding dead tube MDT BMG eta  3 phi  7 ml 2 lay 3 tube 40
ToolSvc.Muon__MdtRdoToPrepDataTool                VERBOSE adding dead tube MDT BMG eta  3 phi  7 ml 2 lay 3 tube 41
ToolSvc.Muon__MdtRdoToPrepDataTool                VERBOSE adding dead tube MDT BMG eta  3 phi  7 ml 2 lay 3 tube 42
ToolSvc.Muon__MdtRdoToPrepDataTool                VERBOSE adding dead tube MDT BMG eta  3 phi  7 ml 2 lay 3 tube 43
ToolSvc.Muon__MdtRdoToPrepDataTool                VERBOSE adding dead tube MDT BMG eta  3 phi  7 ml 2 lay 3 tube 44
ToolSvc.Muon__MdtRdoToPrepDataTool                VERBOSE adding dead tube MDT BMG eta  3 phi  7 ml 2 lay 3 tube 45
ToolSvc.Muon__MdtRdoToPrepDataTool                VERBOSE adding dead tube MDT BMG eta  3 phi  7 ml 2 lay 3 tube 46
ToolSvc.Muon__MdtRdoToPrepDataTool                VERBOSE adding dead tube MDT BMG eta  3 phi  7 ml 2 lay 3 tube 47
ToolSvc.Muon__MdtRdoToPrepDataTool                VERBOSE adding dead tube MDT BMG eta  3 phi  7 ml 2 lay 3 tube 48
ToolSvc.Muon__MdtRdoToPrepDataTool                VERBOSE adding dead tube MDT BMG eta  3 phi  7 ml 2 lay 4 tube 40
ToolSvc.Muon__MdtRdoToPrepDataTool                VERBOSE adding dead tube MDT BMG eta  3 phi  7 ml 2 lay 4 tube 41
ToolSvc.Muon__MdtRdoToPrepDataTool                VERBOSE adding dead tube MDT BMG eta  3 phi  7 ml 2 lay 4 tube 42
ToolSvc.Muon__MdtRdoToPrepDataTool                VERBOSE adding dead tube MDT BMG eta  3 phi  7 ml 2 lay 4 tube 43
ToolSvc.Muon__MdtRdoToPrepDataTool                VERBOSE adding dead tube MDT BMG eta  3 phi  7 ml 2 lay 4 tube 44
ToolSvc.Muon__MdtRdoToPrepDataTool                VERBOSE adding dead tube MDT BMG eta  3 phi  7 ml 2 lay 4 tube 45
ToolSvc.Muon__MdtRdoToPrepDataTool                VERBOSE adding dead tube MDT BMG eta  3 phi  7 ml 2 lay 4 tube 46
ToolSvc.Muon__MdtRdoToPrepDataTool                VERBOSE adding dead tube MDT BMG eta  3 phi  7 ml 2 lay 4 tube 47
ToolSvc.Muon__MdtRdoToPrepDataTool                VERBOSE adding dead tube MDT BMG eta  3 phi  7 ml 2 lay 4 tube 48
