BeamSpotCondAlg                            1   0   DEBUG Executing BeamSpotCondAlg...
BeamSpotCondAlg                            1   0    INFO Read from condDB status 4 pos (0.06,1.06,-4.6) sigma (0.015,0.015,53) tilt (0,0) sigmaXY 0
BeamSpotCondAlg                            1   0    INFO Recorded new InDet::BeamSpotData to BeamSpotData with range {[1,l:0] - [431885,l:2]} into conditions store.
InDet::InDetBeamSpotReader                 1   0    INFO In event [431885,1054289489,t:1661005168.628821885,l:1,b:1091]
InDet::InDetBeamSpotReader                 1   0    INFO BeamSpot Position: 0.06 1.06 -4.6, Sigma: 0.015 0.015 53, Tilt: 0 0, Status: 4
InDet::InDetBeamSpotReader                 2   0    INFO In event [431885,1054290769,t:1661005168.647796875,l:1,b:2457]
InDet::InDetBeamSpotReader                 2   0    INFO BeamSpot Position: 0.06 1.06 -4.6, Sigma: 0.015 0.015 53, Tilt: 0 0, Status: 4
InDet::InDetBeamSpotReader                 3   0    INFO In event [431885,1054286445,t:1661005168.585071060,l:1,b:1091]
InDet::InDetBeamSpotReader                 3   0    INFO BeamSpot Position: 0.06 1.06 -4.6, Sigma: 0.015 0.015 53, Tilt: 0 0, Status: 4
InDet::InDetBeamSpotReader                 4   0    INFO In event [431885,1054291005,t:1661005168.650719330,l:1,b:1974]
InDet::InDetBeamSpotReader                 4   0    INFO BeamSpot Position: 0.06 1.06 -4.6, Sigma: 0.015 0.015 53, Tilt: 0 0, Status: 4
InDet::InDetBeamSpotReader                 5   0    INFO In event [431885,1054294282,t:1661005168.696590020,l:1,b:1400]
InDet::InDetBeamSpotReader                 5   0    INFO BeamSpot Position: 0.06 1.06 -4.6, Sigma: 0.015 0.015 53, Tilt: 0 0, Status: 4
BeamSpotCondAlg                            6   0   DEBUG Executing BeamSpotCondAlg...
BeamSpotCondAlg                            6   0    INFO Read from condDB status 4 pos (0.06,1.06,-4.6) sigma (0.015,0.015,53) tilt (0,0) sigmaXY 0
BeamSpotCondAlg                            6   0    INFO Recorded new InDet::BeamSpotData to BeamSpotData with range {[1,l:0] - [431885,l:3]} into conditions store.
InDet::InDetBeamSpotReader                 6   0    INFO In event [431885,1054287650,t:1661005168.602295705,l:2,b:21]
InDet::InDetBeamSpotReader                 6   0    INFO BeamSpot Position: 0.06 1.06 -4.6, Sigma: 0.015 0.015 53, Tilt: 0 0, Status: 4
InDet::InDetBeamSpotReader                 7   0    INFO In event [431885,1054294744,t:1661005168.702884040,l:2,b:614]
InDet::InDetBeamSpotReader                 7   0    INFO BeamSpot Position: 0.06 1.06 -4.6, Sigma: 0.015 0.015 53, Tilt: 0 0, Status: 4
InDet::InDetBeamSpotReader                 8   0    INFO In event [431885,1054292510,t:1661005168.672017755,l:2,b:233]
InDet::InDetBeamSpotReader                 8   0    INFO BeamSpot Position: 0.06 1.06 -4.6, Sigma: 0.015 0.015 53, Tilt: 0 0, Status: 4
InDet::InDetBeamSpotReader                 9   0    INFO In event [431885,1054286653,t:1661005168.588180000,l:2,b:954]
InDet::InDetBeamSpotReader                 9   0    INFO BeamSpot Position: 0.06 1.06 -4.6, Sigma: 0.015 0.015 53, Tilt: 0 0, Status: 4
InDet::InDetBeamSpotReader                10   0    INFO In event [431885,1054297814,t:1661005168.746457515,l:2,b:634]
InDet::InDetBeamSpotReader                10   0    INFO BeamSpot Position: 0.06 1.06 -4.6, Sigma: 0.015 0.015 53, Tilt: 0 0, Status: 4
BeamSpotCondAlg                           11   0   DEBUG Executing BeamSpotCondAlg...
BeamSpotCondAlg                           11   0    INFO Read from condDB status 4 pos (0.06,1.06,-4.6) sigma (0.015,0.015,53) tilt (0,0) sigmaXY 0
BeamSpotCondAlg                           11   0    INFO Recorded new InDet::BeamSpotData to BeamSpotData with range {[1,l:0] - [431885,l:4]} into conditions store.
InDet::InDetBeamSpotReader                11   0    INFO In event [431885,1054298806,t:1661005168.760253955,l:3,b:1161]
InDet::InDetBeamSpotReader                11   0    INFO BeamSpot Position: 0.06 1.06 -4.6, Sigma: 0.015 0.015 53, Tilt: 0 0, Status: 4
InDet::InDetBeamSpotReader                12   0    INFO In event [431885,1054299046,t:1661005168.763526315,l:3,b:446]
InDet::InDetBeamSpotReader                12   0    INFO BeamSpot Position: 0.06 1.06 -4.6, Sigma: 0.015 0.015 53, Tilt: 0 0, Status: 4
InDet::InDetBeamSpotReader                13   0    INFO In event [431885,1054299671,t:1661005168.773502320,l:3,b:1106]
InDet::InDetBeamSpotReader                13   0    INFO BeamSpot Position: 0.06 1.06 -4.6, Sigma: 0.015 0.015 53, Tilt: 0 0, Status: 4
InDet::InDetBeamSpotReader                14   0    INFO In event [431885,1054301431,t:1661005168.798417705,l:3,b:1769]
InDet::InDetBeamSpotReader                14   0    INFO BeamSpot Position: 0.06 1.06 -4.6, Sigma: 0.015 0.015 53, Tilt: 0 0, Status: 4
InDet::InDetBeamSpotReader                15   0    INFO In event [431885,1054301529,t:1661005168.799833335,l:3,b:1482]
InDet::InDetBeamSpotReader                15   0    INFO BeamSpot Position: 0.06 1.06 -4.6, Sigma: 0.015 0.015 53, Tilt: 0 0, Status: 4
BeamSpotCondAlg                           16   0   DEBUG Executing BeamSpotCondAlg...
BeamSpotCondAlg                           16   0    INFO Read from condDB status 4 pos (0.04,1.04,-4.4) sigma (0.015,0.015,53) tilt (0,0) sigmaXY 0
BeamSpotCondAlg                           16   0    INFO Recorded new InDet::BeamSpotData to BeamSpotData with range {[431885,l:4] - [431885,l:5]} into conditions store.
InDet::InDetBeamSpotReader                16   0    INFO In event [431885,1054300536,t:1661005168.786415530,l:4,b:1874]
InDet::InDetBeamSpotReader                16   0    INFO BeamSpot Position: 0.04 1.04 -4.4, Sigma: 0.015 0.015 53, Tilt: 0 0, Status: 4
InDet::InDetBeamSpotReader                17   0    INFO In event [431885,1054304337,t:1661005168.840099265,l:4,b:807]
InDet::InDetBeamSpotReader                17   0    INFO BeamSpot Position: 0.04 1.04 -4.4, Sigma: 0.015 0.015 53, Tilt: 0 0, Status: 4
InDet::InDetBeamSpotReader                18   0    INFO In event [431885,1054299008,t:1661005168.763035310,l:4,b:2151]
InDet::InDetBeamSpotReader                18   0    INFO BeamSpot Position: 0.04 1.04 -4.4, Sigma: 0.015 0.015 53, Tilt: 0 0, Status: 4
InDet::InDetBeamSpotReader                19   0    INFO In event [431885,1054309141,t:1661005168.906546430,l:4,b:1633]
InDet::InDetBeamSpotReader                19   0    INFO BeamSpot Position: 0.04 1.04 -4.4, Sigma: 0.015 0.015 53, Tilt: 0 0, Status: 4
InDet::InDetBeamSpotReader                20   0    INFO In event [431885,1054297510,t:1661005168.742501675,l:4,b:2468]
InDet::InDetBeamSpotReader                20   0    INFO BeamSpot Position: 0.04 1.04 -4.4, Sigma: 0.015 0.015 53, Tilt: 0 0, Status: 4
BeamSpotCondAlg                           21   0   DEBUG Executing BeamSpotCondAlg...
BeamSpotCondAlg                           21   0    INFO Read from condDB status 7 pos (0.05,1.05,-4.5) sigma (0.015,0.015,53) tilt (0,0) sigmaXY 0
BeamSpotCondAlg                           21   0    INFO Recorded new InDet::BeamSpotData to BeamSpotData with range {[431885,l:5] - [431885,l:6]} into conditions store.
InDet::InDetBeamSpotReader                21   0    INFO In event [431885,1054310361,t:1661005168.923038870,l:5,b:3293]
InDet::InDetBeamSpotReader                21   0    INFO BeamSpot Position: 0.05 1.05 -4.5, Sigma: 0.015 0.015 53, Tilt: 0 0, Status: 7
InDet::InDetBeamSpotReader                22   0    INFO In event [431885,1054314251,t:1661005168.976683240,l:5,b:648]
InDet::InDetBeamSpotReader                22   0    INFO BeamSpot Position: 0.05 1.05 -4.5, Sigma: 0.015 0.015 53, Tilt: 0 0, Status: 7
InDet::InDetBeamSpotReader                23   0    INFO In event [431885,1054293126,t:1661005168.680855305,l:5,b:1597]
InDet::InDetBeamSpotReader                23   0    INFO BeamSpot Position: 0.05 1.05 -4.5, Sigma: 0.015 0.015 53, Tilt: 0 0, Status: 7
InDet::InDetBeamSpotReader                24   0    INFO In event [431885,1054295014,t:1661005168.706308405,l:5,b:2427]
InDet::InDetBeamSpotReader                24   0    INFO BeamSpot Position: 0.05 1.05 -4.5, Sigma: 0.015 0.015 53, Tilt: 0 0, Status: 7
InDet::InDetBeamSpotReader                25   0    INFO In event [431885,1054296682,t:1661005168.731086985,l:5,b:1171]
InDet::InDetBeamSpotReader                25   0    INFO BeamSpot Position: 0.05 1.05 -4.5, Sigma: 0.015 0.015 53, Tilt: 0 0, Status: 7
BeamSpotCondAlg                           26   0   DEBUG Executing BeamSpotCondAlg...
BeamSpotCondAlg                           26   0    INFO Read from condDB status 7 pos (0.05,1.05,-4.5) sigma (0.015,0.015,53) tilt (0,0) sigmaXY 0
BeamSpotCondAlg                           26   0    INFO Recorded new InDet::BeamSpotData to BeamSpotData with range {[431885,l:5] - [431885,l:7]} into conditions store.
InDet::InDetBeamSpotReader                26   0    INFO In event [431885,1054320773,t:1661005169.067235315,l:6,b:1730]
InDet::InDetBeamSpotReader                26   0    INFO BeamSpot Position: 0.05 1.05 -4.5, Sigma: 0.015 0.015 53, Tilt: 0 0, Status: 7
InDet::InDetBeamSpotReader                27   0    INFO In event [431885,1054308682,t:1661005168.900329430,l:6,b:1942]
InDet::InDetBeamSpotReader                27   0    INFO BeamSpot Position: 0.05 1.05 -4.5, Sigma: 0.015 0.015 53, Tilt: 0 0, Status: 7
InDet::InDetBeamSpotReader                28   0    INFO In event [431885,1054322102,t:1661005169.085139365,l:6,b:2942]
InDet::InDetBeamSpotReader                28   0    INFO BeamSpot Position: 0.05 1.05 -4.5, Sigma: 0.015 0.015 53, Tilt: 0 0, Status: 7
InDet::InDetBeamSpotReader                29   0    INFO In event [431885,1054322925,t:1661005169.096519675,l:6,b:2861]
InDet::InDetBeamSpotReader                29   0    INFO BeamSpot Position: 0.05 1.05 -4.5, Sigma: 0.015 0.015 53, Tilt: 0 0, Status: 7
InDet::InDetBeamSpotReader                30   0    INFO In event [431885,1054319327,t:1661005169.046527145,l:6,b:2180]
InDet::InDetBeamSpotReader                30   0    INFO BeamSpot Position: 0.05 1.05 -4.5, Sigma: 0.015 0.015 53, Tilt: 0 0, Status: 7
BeamSpotCondAlg                           31   0   DEBUG Executing BeamSpotCondAlg...
BeamSpotCondAlg                           31   0    INFO Read from condDB status 7 pos (0.05,1.05,-4.5) sigma (0.015,0.015,53) tilt (0,0) sigmaXY 0
BeamSpotCondAlg                           31   0    INFO Recorded new InDet::BeamSpotData to BeamSpotData with range {[431885,l:5] - [431885,l:8]} into conditions store.
InDet::InDetBeamSpotReader                31   0    INFO In event [431885,1054325430,t:1661005169.131229745,l:7,b:481]
InDet::InDetBeamSpotReader                31   0    INFO BeamSpot Position: 0.05 1.05 -4.5, Sigma: 0.015 0.015 53, Tilt: 0 0, Status: 7
InDet::InDetBeamSpotReader                32   0    INFO In event [431885,1054320911,t:1661005169.069011930,l:7,b:1655]
InDet::InDetBeamSpotReader                32   0    INFO BeamSpot Position: 0.05 1.05 -4.5, Sigma: 0.015 0.015 53, Tilt: 0 0, Status: 7
InDet::InDetBeamSpotReader                33   0    INFO In event [431885,1054310266,t:1661005168.921897050,l:7,b:298]
InDet::InDetBeamSpotReader                33   0    INFO BeamSpot Position: 0.05 1.05 -4.5, Sigma: 0.015 0.015 53, Tilt: 0 0, Status: 7
InDet::InDetBeamSpotReader                34   0    INFO In event [431885,1054326943,t:1661005169.152153985,l:7,b:1563]
InDet::InDetBeamSpotReader                34   0    INFO BeamSpot Position: 0.05 1.05 -4.5, Sigma: 0.015 0.015 53, Tilt: 0 0, Status: 7
InDet::InDetBeamSpotReader                35   0    INFO In event [431885,1054316495,t:1661005169.007271575,l:7,b:581]
InDet::InDetBeamSpotReader                35   0    INFO BeamSpot Position: 0.05 1.05 -4.5, Sigma: 0.015 0.015 53, Tilt: 0 0, Status: 7
BeamSpotCondAlg                           36   0   DEBUG Executing BeamSpotCondAlg...
BeamSpotCondAlg                           36   0    INFO Read from condDB status 7 pos (0.05,1.05,-4.5) sigma (0.015,0.015,53) tilt (0,0) sigmaXY 0
BeamSpotCondAlg                           36   0    INFO Recorded new InDet::BeamSpotData to BeamSpotData with range {[431885,l:5] - [431885,l:9]} into conditions store.
InDet::InDetBeamSpotReader                36   0    INFO In event [431885,1054316397,t:1661005169.006029950,l:8,b:714]
InDet::InDetBeamSpotReader                36   0    INFO BeamSpot Position: 0.05 1.05 -4.5, Sigma: 0.015 0.015 53, Tilt: 0 0, Status: 7
InDet::InDetBeamSpotReader                37   0    INFO In event [431885,1054318385,t:1661005169.033708655,l:8,b:1644]
InDet::InDetBeamSpotReader                37   0    INFO BeamSpot Position: 0.05 1.05 -4.5, Sigma: 0.015 0.015 53, Tilt: 0 0, Status: 7
InDet::InDetBeamSpotReader                38   0    INFO In event [431885,1054310571,t:1661005168.925546320,l:8,b:433]
InDet::InDetBeamSpotReader                38   0    INFO BeamSpot Position: 0.05 1.05 -4.5, Sigma: 0.015 0.015 53, Tilt: 0 0, Status: 7
InDet::InDetBeamSpotReader                39   0    INFO In event [431885,1054326842,t:1661005169.150461580,l:8,b:1449]
InDet::InDetBeamSpotReader                39   0    INFO BeamSpot Position: 0.05 1.05 -4.5, Sigma: 0.015 0.015 53, Tilt: 0 0, Status: 7
InDet::InDetBeamSpotReader                40   0    INFO In event [431885,1054325055,t:1661005169.125903785,l:8,b:862]
InDet::InDetBeamSpotReader                40   0    INFO BeamSpot Position: 0.05 1.05 -4.5, Sigma: 0.015 0.015 53, Tilt: 0 0, Status: 7
BeamSpotCondAlg                           41   0   DEBUG Executing BeamSpotCondAlg...
BeamSpotCondAlg                           41   0    INFO Read from condDB status 7 pos (0.09,1.09,-4.9) sigma (0.015,0.015,53) tilt (0,0) sigmaXY 0
BeamSpotCondAlg                           41   0    INFO Recorded new InDet::BeamSpotData to BeamSpotData with range {[431885,l:9] - [431885,l:10]} into conditions store.
InDet::InDetBeamSpotReader                41   0    INFO In event [431885,1054333306,t:1661005169.241604385,l:9,b:1259]
InDet::InDetBeamSpotReader                41   0    INFO BeamSpot Position: 0.09 1.09 -4.9, Sigma: 0.015 0.015 53, Tilt: 0 0, Status: 7
InDet::InDetBeamSpotReader                42   0    INFO In event [431885,1054335114,t:1661005169.266294515,l:9,b:22]
InDet::InDetBeamSpotReader                42   0    INFO BeamSpot Position: 0.09 1.09 -4.9, Sigma: 0.015 0.015 53, Tilt: 0 0, Status: 7
InDet::InDetBeamSpotReader                43   0    INFO In event [431885,1054327997,t:1661005169.167184985,l:9,b:1674]
InDet::InDetBeamSpotReader                43   0    INFO BeamSpot Position: 0.09 1.09 -4.9, Sigma: 0.015 0.015 53, Tilt: 0 0, Status: 7
InDet::InDetBeamSpotReader                44   0    INFO In event [431885,1054336678,t:1661005169.288002635,l:9,b:445]
InDet::InDetBeamSpotReader                44   0    INFO BeamSpot Position: 0.09 1.09 -4.9, Sigma: 0.015 0.015 53, Tilt: 0 0, Status: 7
InDet::InDetBeamSpotReader                45   0    INFO In event [431885,1054333865,t:1661005169.248783365,l:9,b:301]
InDet::InDetBeamSpotReader                45   0    INFO BeamSpot Position: 0.09 1.09 -4.9, Sigma: 0.015 0.015 53, Tilt: 0 0, Status: 7
BeamSpotCondAlg                           46   0   DEBUG Executing BeamSpotCondAlg...
BeamSpotCondAlg                           46   0    INFO Read from condDB status 7 pos (0.09,1.09,-4.9) sigma (0.015,0.015,53) tilt (0,0) sigmaXY 0
BeamSpotCondAlg                           46   0    INFO Recorded new InDet::BeamSpotData to BeamSpotData with range {[431885,l:9] - [431885,l:11]} into conditions store.
InDet::InDetBeamSpotReader                46   0    INFO In event [431885,1054326351,t:1661005169.143435325,l:10,b:1400]
InDet::InDetBeamSpotReader                46   0    INFO BeamSpot Position: 0.09 1.09 -4.9, Sigma: 0.015 0.015 53, Tilt: 0 0, Status: 7
InDet::InDetBeamSpotReader                47   0    INFO In event [431885,1054336627,t:1661005169.287336625,l:10,b:2264]
InDet::InDetBeamSpotReader                47   0    INFO BeamSpot Position: 0.09 1.09 -4.9, Sigma: 0.015 0.015 53, Tilt: 0 0, Status: 7
InDet::InDetBeamSpotReader                48   0    INFO In event [431885,1054342646,t:1661005169.371101275,l:10,b:2177]
InDet::InDetBeamSpotReader                48   0    INFO BeamSpot Position: 0.09 1.09 -4.9, Sigma: 0.015 0.015 53, Tilt: 0 0, Status: 7
InDet::InDetBeamSpotReader                49   0    INFO In event [431885,1054332325,t:1661005169.227879010,l:10,b:16]
InDet::InDetBeamSpotReader                49   0    INFO BeamSpot Position: 0.09 1.09 -4.9, Sigma: 0.015 0.015 53, Tilt: 0 0, Status: 7
InDet::InDetBeamSpotReader                50   0    INFO In event [431885,1054340378,t:1661005169.339641010,l:10,b:2938]
InDet::InDetBeamSpotReader                50   0    INFO BeamSpot Position: 0.09 1.09 -4.9, Sigma: 0.015 0.015 53, Tilt: 0 0, Status: 7
BeamSpotCondAlg                                    DEBUG Property update for OutputLevel : new value = 2
BeamSpotCondAlg                                    DEBUG Initializing BeamSpotCondAlg...
BeamSpotCondAlg                                    DEBUG input handles: 1
BeamSpotCondAlg                                    DEBUG output handles: 1
BeamSpotCondAlg                                    DEBUG Data Deps for BeamSpotCondAlg
BeamSpotCondAlg                            0   0   DEBUG Calling destructor
